Component: ARM Compiler 5.05 update 2 (build 169) Tool: armlink [4d0f33]

==============================================================================

Section Cross References

    startup_stm32f429_439xx.o(RESET) refers to startup_stm32f429_439xx.o(STACK) for __initial_sp
    startup_stm32f429_439xx.o(RESET) refers to startup_stm32f429_439xx.o(.text) for Reset_Handler
    startup_stm32f429_439xx.o(RESET) refers to stm32f4xx_it.o(i.NMI_Handler) for NMI_Handler
    startup_stm32f429_439xx.o(RESET) refers to stm32f4xx_it.o(i.HardFault_Handler) for HardFault_Handler
    startup_stm32f429_439xx.o(RESET) refers to stm32f4xx_it.o(i.MemManage_Handler) for MemManage_Handler
    startup_stm32f429_439xx.o(RESET) refers to stm32f4xx_it.o(i.BusFault_Handler) for BusFault_Handler
    startup_stm32f429_439xx.o(RESET) refers to stm32f4xx_it.o(i.UsageFault_Handler) for UsageFault_Handler
    startup_stm32f429_439xx.o(RESET) refers to stm32f4xx_it.o(i.SVC_Handler) for SVC_Handler
    startup_stm32f429_439xx.o(RESET) refers to stm32f4xx_it.o(i.DebugMon_Handler) for DebugMon_Handler
    startup_stm32f429_439xx.o(RESET) refers to stm32f4xx_it.o(i.PendSV_Handler) for PendSV_Handler
    startup_stm32f429_439xx.o(RESET) refers to stm32f4xx_it.o(i.SysTick_Handler) for SysTick_Handler
    startup_stm32f429_439xx.o(RESET) refers to stm32f4xx_it.o(i.DMA1_Stream1_IRQHandler) for DMA1_Stream1_IRQHandler
    startup_stm32f429_439xx.o(RESET) refers to stm32f4xx_it.o(i.DMA1_Stream2_IRQHandler) for DMA1_Stream2_IRQHandler
    startup_stm32f429_439xx.o(RESET) refers to stm32f4xx_it.o(i.DMA1_Stream3_IRQHandler) for DMA1_Stream3_IRQHandler
    startup_stm32f429_439xx.o(RESET) refers to stm32f4xx_it.o(i.DMA1_Stream4_IRQHandler) for DMA1_Stream4_IRQHandler
    startup_stm32f429_439xx.o(RESET) refers to stm32f4xx_it.o(i.DMA1_Stream5_IRQHandler) for DMA1_Stream5_IRQHandler
    startup_stm32f429_439xx.o(RESET) refers to stm32f4xx_it.o(i.DMA1_Stream6_IRQHandler) for DMA1_Stream6_IRQHandler
    startup_stm32f429_439xx.o(RESET) refers to stm32f4xx_it.o(i.TIM6_DAC_IRQHandler) for TIM6_DAC_IRQHandler
    startup_stm32f429_439xx.o(RESET) refers to stm32f4xx_it.o(i.TIM7_IRQHandler) for TIM7_IRQHandler
    startup_stm32f429_439xx.o(RESET) refers to stm32f4xx_it.o(i.DMA2_Stream5_IRQHandler) for DMA2_Stream5_IRQHandler
    startup_stm32f429_439xx.o(RESET) refers to stm32f4xx_it.o(i.DMA2_Stream7_IRQHandler) for DMA2_Stream7_IRQHandler
    startup_stm32f429_439xx.o(RESET) refers to stm32f4xx_it.o(i.UART7_IRQHandler) for UART7_IRQHandler
    startup_stm32f429_439xx.o(.text) refers to system_stm32f4xx.o(i.SystemInit) for SystemInit
    startup_stm32f429_439xx.o(.text) refers to entry.o(.ARM.Collect$$$$00000000) for __main
    main.o(i.main) refers to base.o(i._Z8baseInitv) for baseInit()
    main.o(i.main) refers to base.o(i._Z14PromptToneScanv) for PromptToneScan()
    main.o(i.main) refers to process.o(i._Z14CarryOutActionR14SpecialActionsRh) for CarryOutAction(SpecialActions&, unsigned char&)
    main.o(i.main) refers to actionctrl.o(i._Z14SpinDeviceCtrl16SpinPositionType) for SpinDeviceCtrl(SpinPositionType)
    main.o(i.main) refers to process.o(i._Z17GoToSpecialPointsP14MovePointsTypeP18MovePointsMarkTypeS1_) for GoToSpecialPoints(MovePointsType*, MovePointsMarkType*, MovePointsMarkType)
    main.o(i.main) refers to actionctrl.o(.data) for Act_flag
    main.o(i.main) refers to base.o(.bss) for Base_CMD
    main.o(i.main) refers to process.o(.data) for GotoThePoint
    main.o(i.main) refers to process.o(.bss) for MovePoint
    main.o(.ARM.exidx) refers to main.o(i.main) for i.main
    stm32f4xx_it.o(i.DMA1_Stream1_IRQHandler) refers to stm32f4xx_dma.o(i.DMA_GetFlagStatus) for DMA_GetFlagStatus
    stm32f4xx_it.o(i.DMA1_Stream1_IRQHandler) refers to stm32f4xx_dma.o(i.DMA_ClearITPendingBit) for DMA_ClearITPendingBit
    stm32f4xx_it.o(i.DMA1_Stream1_IRQHandler) refers to stm32f4xx_dma.o(i.DMA_Cmd) for DMA_Cmd
    stm32f4xx_it.o(i.DMA1_Stream1_IRQHandler) refers to usart.o(i._Z21DMA_ReceiveSet_Changejjjj) for DMA_ReceiveSet_Change(unsigned, unsigned, unsigned, unsigned)
    stm32f4xx_it.o(i.DMA1_Stream1_IRQHandler) refers to memmove.o(.text) for __aeabi_memcpy4
    stm32f4xx_it.o(i.DMA1_Stream1_IRQHandler) refers to interfacetomaster.o(i._Z28ReceiveDataFromMaster_Buffer14CMD_BufferType) for ReceiveDataFromMaster_Buffer(CMD_BufferType)
    stm32f4xx_it.o(i.DMA1_Stream1_IRQHandler) refers to interfacetomaster.o(.data) for BufferFlag
    stm32f4xx_it.o(i.DMA1_Stream1_IRQHandler) refers to interfacetomaster.o(.bss) for CMDBuffer
    stm32f4xx_it.o(i.DMA1_Stream2_IRQHandler) refers to stm32f4xx_dma.o(i.DMA_GetFlagStatus) for DMA_GetFlagStatus
    stm32f4xx_it.o(i.DMA1_Stream2_IRQHandler) refers to stm32f4xx_dma.o(i.DMA_ClearITPendingBit) for DMA_ClearITPendingBit
    stm32f4xx_it.o(i.DMA1_Stream2_IRQHandler) refers to stm32f4xx_dma.o(i.DMA_Cmd) for DMA_Cmd
[...]
    Base_Loop()                              0x08004b41   Thumb Code    32  base.o(i._Z9Base_Loopv)
    BeepingON(unsigned short)                0x08004b65   Thumb Code    42  beep.o(i._Z9BeepingONt)
    CurveLoop(double)                        0x08004b95   Thumb Code   278  vol_curve.o(i._Z9CurveLoopd)
    flagCheck()                              0x08004ccd   Thumb Code    14  actionctrl.o(i._Z9flagCheckv)
    __rw::__rw_throw(int, ...)               0x0800662d   Thumb Code    86  rwstdexcept.o(i._ZN4__rw10__rw_throwEiz)
    __rw::__rw_allocate(unsigned, int)       0x08006689   Thumb Code    32  rwalloc.o(i._ZN4__rw13__rw_allocateEji)
    __rw::__rw_deallocate(void*, unsigned, int) 0x080066a9   Thumb Code     4  rwalloc.o(i._ZN4__rw15__rw_deallocateEPvji)
    __rw::__rw_facet_base::_C_initfacet(const std::locale&) 0x080066ad   Thumb Code     2  char.o(i._ZN4__rw15__rw_facet_base12_C_initfacetERKSt6locale)
    __rw::__rw_locale_imp::__rw_locale_imp(const char*, unsigned, unsigned) 0x080066b1   Thumb Code   226  locale.o(i._ZN4__rw15__rw_locale_impC1EPKcjj)
    __rw::__rw_locale_imp::__rw_locale_imp__sub_object(const char*, unsigned, unsigned) 0x080066b1   Thumb Code     0  locale.o(i._ZN4__rw15__rw_locale_impC1EPKcjj)
    __rw::__rw_locale_imp::~__rw_locale_imp() 0x0800679d   Thumb Code    26  locale.o(i._ZN4__rw15__rw_locale_impD1Ev)
    __rw::__rw_locale_imp::~__rw_locale_imp__sub_object() 0x0800679d   Thumb Code     0  locale.o(i._ZN4__rw15__rw_locale_impD1Ev)
    __rw::__rw_use_c_lib_locale::__rw_use_c_lib_locale(const char*, int) 0x080067b7   Thumb Code    58  locale.o(i._ZN4__rw21__rw_use_c_lib_localeC1EPKci)
    __rw::__rw_use_c_lib_locale::__rw_use_c_lib_locale__sub_object(const char*, int) 0x080067b7   Thumb Code     0  locale.o(i._ZN4__rw21__rw_use_c_lib_localeC1EPKci)
    __rw::__rw_use_c_lib_locale::~__rw_use_c_lib_locale() 0x080067f1   Thumb Code    24  char.o(i._ZN4__rw21__rw_use_c_lib_localeD1Ev)
    __rw::__rw_use_c_lib_locale::~__rw_use_c_lib_locale__sub_object() 0x080067f1   Thumb Code     0  char.o(i._ZN4__rw21__rw_use_c_lib_localeD1Ev)
    __rw::__rw_throw_exception_noex(int, char*) 0x08006809   Thumb Code    58  rwthrowproc_impl_noex.o(i._ZN4__rw25__rw_throw_exception_noexEiPc)
    __rw::__catfind(__rw::__rw_cat*)         0x080068a1   Thumb Code    42  rwcats.o(i._ZN4__rw9__catfindEPNS_8__rw_catE)
    Matrix::CreatArray(unsigned, unsigned)   0x080068d1   Thumb Code    96  matrix.o(i._ZN6Matrix10CreatArrayEjj)
    Matrix::fillMatrix(Matrix::CreatedArreyType) 0x08006945   Thumb Code    94  matrix.o(i._ZN6Matrix10fillMatrixENS_16CreatedArreyTypeE)
    Matrix::fillMatrix(double*)              0x080069a3   Thumb Code    64  matrix.o(i._ZN6Matrix10fillMatrixEPd)
    Matrix::DeleteArray(Matrix::CreatedArreyType) 0x080069e3   Thumb Code    42  matrix.o(i._ZN6Matrix11DeleteArrayENS_16CreatedArreyTypeE)
    Matrix::CreatMatrixFrame(Matrix::CreatedArreyType) 0x08006a0d   Thumb Code    90  matrix.o(i._ZN6Matrix16CreatMatrixFrameENS_16CreatedArreyTypeE)
    Matrix::CreatMatrixFrame(void*, unsigned, unsigned) 0x08006a67   Thumb Code   148  matrix.o(i._ZN6Matrix16CreatMatrixFrameEPvjj)
    Matrix::CreatedArreyType::CreatedArreyType(const Matrix::CreatedArreyType&) 0x08006afb   Thumb Code    36  map.o(i._ZN6Matrix16CreatedArreyTypeC1ERKS0_)
    Matrix::CreatedArreyType::CreatedArreyType__sub_object(const Matrix::CreatedArreyType&) 0x08006afb   Thumb Code     0  map.o(i._ZN6Matrix16CreatedArreyTypeC1ERKS0_)
    Matrix::CreatedArreyType::CreatedArreyType() 0x08006b1f   Thumb Code    24  matrix.o(i._ZN6Matrix16CreatedArreyTypeC1Ev)
    Matrix::CreatedArreyType::CreatedArreyType__sub_object() 0x08006b1f   Thumb Code     0  matrix.o(i._ZN6Matrix16CreatedArreyTypeC1Ev)
    Matrix::CreatedArreyType::~CreatedArreyType() 0x08006b37   Thumb Code    16  matrix.o(i._ZN6Matrix16CreatedArreyTypeD1Ev)
    Matrix::CreatedArreyType::~CreatedArreyType__sub_object() 0x08006b37   Thumb Code     0  matrix.o(i._ZN6Matrix16CreatedArreyTypeD1Ev)
    Matrix::CreatedArreyType::operator =(Matrix::CreatedArreyType&&) 0x08006b47   Thumb Code    34  matrix.o(i._ZN6Matrix16CreatedArreyTypeaSEOS0_)
    Matrix::getE(unsigned)                   0x08006b69   Thumb Code   216  matrix.o(i._ZN6Matrix4getEEj)
    Matrix::Matrix(const Matrix&)            0x08006c49   Thumb Code   114  matrix.o(i._ZN6MatrixC1ERKS_)
    Matrix::Matrix__sub_object(const Matrix&) 0x08006c49   Thumb Code     0  matrix.o(i._ZN6MatrixC1ERKS_)
    Matrix::Matrix()                         0x08006cc9   Thumb Code    44  matrix.o(i._ZN6MatrixC1Ev)
    Matrix::Matrix__sub_object()             0x08006cc9   Thumb Code     0  matrix.o(i._ZN6MatrixC1Ev)
    Matrix::~Matrix()                        0x08006d01   Thumb Code    58  matrix.o(i._ZN6MatrixD1Ev)
    Matrix::~Matrix__sub_object()            0x08006d01   Thumb Code     0  matrix.o(i._ZN6MatrixD1Ev)
    Matrix::operator =(const Matrix::CreatedArreyType&) 0x08006d3b   Thumb Code   110  matrix.o(i._ZN6MatrixaSERKNS_16CreatedArreyTypeE)
    Matrix::operator =(const Matrix&)        0x08006da9   Thumb Code   168  matrix.o(i._ZN6MatrixaSERKS_)
    Matrix::operator *(const Matrix&)        0x08006e51   Thumb Code   250  matrix.o(i._ZN6MatrixmlERKS_)
    Matrix::getElementValue(unsigned, unsigned) const 0x08006f4d   Thumb Code    48  matrix.o(i._ZNK6Matrix15getElementValueEjj)
    Matrix::getxOrder() const                0x08006f85   Thumb Code     6  matrix.o(i._ZNK6Matrix9getxOrderEv)
    Matrix::getyOrder() const                0x08006f8b   Thumb Code     6  matrix.o(i._ZNK6Matrix9getyOrderEv)
    std::__rw_exception::what() const        0x08006f91   Thumb Code     4  rwstdexcept.o(i._ZNKSt14__rw_exception4whatEv)
    std::__rw_messages_base::_C_cat_open(const std::basic_string<char, std::char_traits<char>, std::allocator<char>>&, const std::locale&) const 0x08006f95   Thumb Code   114  messages.o(i._ZNKSt18__rw_messages_base11_C_cat_openERKSsRKSt6locale)
    std::__rw_messages_base::_C_get_locale(int) const 0x08007007   Thumb Code    32  messages.o(i._ZNKSt18__rw_messages_base13_C_get_localeEi)
    std::__rw_messages_base::_C_get_message(int, int, int) const 0x08007027   Thumb Code    52  messages.o(i._ZNKSt18__rw_messages_base14_C_get_messageEiii)
    std::ctype<char>::is(std::ctype_base::mask, char) const 0x0800705b   Thumb Code    14  char.o(i._ZNKSt5ctypeIcE2isENSt10ctype_base4maskEc)
    std::locale::_C_make_facet(const std::locale::id&, bool, int, __rw::__rw_facet_base*(*)(int, const char*, unsigned)) const 0x08007069   Thumb Code   252  locale.o(i._ZNKSt6locale13_C_make_facetERKNS_2idEbiPFPN4__rw15__rw_facet_baseEiPKcjE)
    std::locale::_C_install_facet(__rw::__rw_facet_base*, const std::locale::id&) const 0x08007171   Thumb Code   110  locale.o(i._ZNKSt6locale16_C_install_facetEPN4__rw15__rw_facet_baseERKNS_2idE)
    std::locale::name() const                0x080071e5   Thumb Code    44  locale.o(i._ZNKSt6locale4nameEv)
    std::char_traits<char>::copy(char*, const char*, unsigned) 0x08007215   Thumb Code    12  char.o(i._ZNSt11char_traitsIcE4copyEPcPKcj)
    std::ctype_byname<char>::_C_get_mask_table(const char*) 0x08007221   Thumb Code   186  char.o(i._ZNSt12ctype_bynameIcE17_C_get_mask_tableEPKc)
    std::ctype_byname<char>::ctype_byname(const char*, unsigned) 0x080072ed   Thumb Code   280  char.o(i._ZNSt12ctype_bynameIcEC1EPKcj)
    std::ctype_byname<char>::ctype_byname__sub_object(const char*, unsigned) 0x080072ed   Thumb Code     0  char.o(i._ZNSt12ctype_bynameIcEC1EPKcj)
    std::ctype_byname<char>::~ctype_byname__deallocating() 0x0800740d   Thumb Code    14  char.o(i._ZNSt12ctype_bynameIcED0Ev)
    std::ctype_byname<char>::~ctype_byname() 0x0800741b   Thumb Code     8  char.o(i._ZNSt12ctype_bynameIcED1Ev)
    std::ctype_byname<char>::~ctype_byname__sub_object() 0x0800741b   Thumb Code     0  char.o(i._ZNSt12ctype_bynameIcED1Ev)
    std::__rw_exception::_C_vformat(int, std::__va_list) 0x08007425   Thumb Code   128  rwstdexcept.o(i._ZNSt14__rw_exception10_C_vformatEiSt9__va_list)
    std::__rw_exception::__rw_exception()    0x080074a9   Thumb Code    16  rwstdexcept.o(i._ZNSt14__rw_exceptionC1Ev)
    std::__rw_exception::__rw_exception__sub_object() 0x080074a9   Thumb Code     0  rwstdexcept.o(i._ZNSt14__rw_exceptionC1Ev)
    std::__rw_exception::~__rw_exception()   0x080074bd   Thumb Code    22  rwstdexcept.o(i._ZNSt14__rw_exceptionD1Ev)
    std::__rw_exception::~__rw_exception__sub_object() 0x080074bd   Thumb Code     0  rwstdexcept.o(i._ZNSt14__rw_exceptionD1Ev)
    std::__rw_messages_base::~__rw_messages_base() 0x080074d9   Thumb Code     8  rwstdexcept.o(i._ZNSt18__rw_messages_baseD1Ev)
    std::__rw_messages_base::~__rw_messages_base__sub_object() 0x080074d9   Thumb Code     0  rwstdexcept.o(i._ZNSt18__rw_messages_baseD1Ev)
    std::__rw_open_cat_data::__rw_open_cat_data() 0x080074e1   Thumb Code    26  messages.o(i._ZNSt18__rw_open_cat_dataC1Ev)
    std::__rw_open_cat_data::__rw_open_cat_data__sub_object() 0x080074e1   Thumb Code     0  messages.o(i._ZNSt18__rw_open_cat_dataC1Ev)
    std::__rw_open_cat_data::~__rw_open_cat_data() 0x080074fb   Thumb Code    12  messages.o(i._ZNSt18__rw_open_cat_dataD1Ev)
    std::__rw_open_cat_data::~__rw_open_cat_data__sub_object() 0x080074fb   Thumb Code     0  messages.o(i._ZNSt18__rw_open_cat_dataD1Ev)
    std::__rw_open_cat_data::operator =(const std::__rw_open_cat_data&) 0x08007507   Thumb Code    18  messages.o(i._ZNSt18__rw_open_cat_dataaSERKS_)
    std::ctype<char>::_C_initfacet(const std::locale&) 0x08007519   Thumb Code   250  char.o(i._ZNSt5ctypeIcE12_C_initfacetERKSt6locale)
    std::ctype<char>::ctype(const std::ctype_base::mask*, bool, unsigned) 0x08007615   Thumb Code   270  char.o(i._ZNSt5ctypeIcEC1EPKNSt10ctype_base4maskEbj)
    std::ctype<char>::ctype__sub_object(const std::ctype_base::mask*, bool, unsigned) 0x08007615   Thumb Code     0  char.o(i._ZNSt5ctypeIcEC1EPKNSt10ctype_base4maskEbj)
    std::ctype<char>::~ctype__deallocating() 0x0800772d   Thumb Code    14  char.o(i._ZNSt5ctypeIcED0Ev)
    std::ctype<char>::~ctype()               0x0800773d   Thumb Code    38  char.o(i._ZNSt5ctypeIcED1Ev)
    std::ctype<char>::~ctype__sub_object()   0x0800773d   Thumb Code     0  char.o(i._ZNSt5ctypeIcED1Ev)
    std::locale::facet::~facet__deallocating() 0x08007769   Thumb Code    14  rwstdexcept.o(i._ZNSt6locale5facetD0Ev)
    std::locale::_C_init()                   0x08007779   Thumb Code   120  locale.o(i._ZNSt6locale7_C_initEv)
    std::locale::classic()                   0x080077fd   Thumb Code    56  locale.o(i._ZNSt6locale7classicEv)
    std::locale::locale(__rw::__rw_locale_imp*) 0x08007841   Thumb Code    28  locale.o(i._ZNSt6localeC1EPN4__rw15__rw_locale_impE)
    std::locale::locale__sub_object(__rw::__rw_locale_imp*) 0x08007841   Thumb Code     0  locale.o(i._ZNSt6localeC1EPN4__rw15__rw_locale_impE)
    std::locale::locale(const std::locale&)  0x08007861   Thumb Code    12  messages.o(i._ZNSt6localeC1ERKS_)
    std::locale::locale__sub_object(const std::locale&) 0x08007861   Thumb Code     0  messages.o(i._ZNSt6localeC1ERKS_)
    std::locale::locale()                    0x0800786d   Thumb Code    28  rwstdexcept.o(i._ZNSt6localeC1Ev)
    std::locale::locale__sub_object()        0x0800786d   Thumb Code     0  rwstdexcept.o(i._ZNSt6localeC1Ev)
    std::locale::~locale()                   0x0800788d   Thumb Code    32  locale.o(i._ZNSt6localeD1Ev)
    std::locale::~locale__sub_object()       0x0800788d   Thumb Code     0  locale.o(i._ZNSt6localeD1Ev)
    std::locale::operator =(const std::locale&) 0x080078ad   Thumb Code    50  locale.o(i._ZNSt6localeaSERKS_)
    std::messages<char>::~messages__deallocating() 0x080078df   Thumb Code    14  rwstdexcept.o(i._ZNSt8messagesIcED0Ev)
    std::messages<char>::~messages()         0x080078ed   Thumb Code    16  rwstdexcept.o(i._ZNSt8messagesIcED1Ev)
    std::messages<char>::~messages__sub_object() 0x080078ed   Thumb Code     0  rwstdexcept.o(i._ZNSt8messagesIcED1Ev)
    std::exception::exception()              0x080078fd   Thumb Code     6  exception_ctor.o(i._ZNSt9exceptionC1Ev)
    std::exception::exception__sub_object()  0x080078fd   Thumb Code     0  exception_ctor.o(i._ZNSt9exceptionC1Ev)
    std::__rw_get_cats()                     0x08007909   Thumb Code    44  messages.o(i._ZSt13__rw_get_catsv)
    operator delete[] (void*)                0x08007945   Thumb Code     8  array_del.o(i._ZdaPv)
    operator delete (void*)                  0x0800794d   Thumb Code     8  delete.o(i._ZdlPv)
    operator new[] (unsigned)                0x08007955   Thumb Code     8  array_new.o(i._Znaj)
    operator new(unsigned)                   0x0800795d   Thumb Code    34  new.o(i._Znwj)
    __0fprintf                               0x08007985   Thumb Code    22  printfa.o(i.__0fprintf)
    __1fprintf                               0x08007985   Thumb Code     0  printfa.o(i.__0fprintf)
    __2fprintf                               0x08007985   Thumb Code     0  printfa.o(i.__0fprintf)
    __c89fprintf                             0x08007985   Thumb Code     0  printfa.o(i.__0fprintf)
    fprintf                                  0x08007985   Thumb Code     0  printfa.o(i.__0fprintf)
    __0vsnprintf                             0x080079a1   Thumb Code    32  printfa.o(i.__0vsnprintf)
    __1vsnprintf                             0x080079a1   Thumb Code     0  printfa.o(i.__0vsnprintf)
    __2vsnprintf                             0x080079a1   Thumb Code     0  printfa.o(i.__0vsnprintf)
    __c89vsnprintf                           0x080079a1   Thumb Code     0  printfa.o(i.__0vsnprintf)
    vsnprintf                                0x080079a1   Thumb Code     0  printfa.o(i.__0vsnprintf)
    __ARM_array_new_general                  0x080079c5   Thumb Code   146  array_new_general.o(i.__ARM_array_new_general)
    __ARM_fpclassify                         0x08007a57   Thumb Code    48  fpclassify.o(i.__ARM_fpclassify)
    __aeabi_atexit                           0x08007a87   Thumb Code    50  aeabi_atexit.o(i.__aeabi_atexit)
    __aeabi_vec_dtor_cookie                  0x08007ab9   Thumb Code    16  aeabi_vec_dtor_cookie.o(i.__aeabi_vec_dtor_cookie)
    __aeabi_vec_new_cookie                   0x08007ac9   Thumb Code    20  aeabi_vec_new_cookie.o(i.__aeabi_vec_new_cookie)
    __cxa_finalize                           0x08007add   Thumb Code    66  cxa_finalize.o(i.__cxa_finalize)
    __cxa_guard_acquire                      0x08007b1f   Thumb Code    16  cxa_guard_acquire.o(i.__cxa_guard_acquire)
    __cxa_vec_new                            0x08007b31   Thumb Code    18  cxa_vec_new.o(i.__cxa_vec_new)
    __hardfp_atan                            0x08007b49   Thumb Code   622  atan.o(i.__hardfp_atan)
    __hardfp_cos                             0x08007e21   Thumb Code   180  cos.o(i.__hardfp_cos)
    __hardfp_fabs                            0x08007ee9   Thumb Code    20  fabs.o(i.__hardfp_fabs)
    __hardfp_fmod                            0x08007efd   Thumb Code   254  fmod.o(i.__hardfp_fmod)
    __hardfp_sin                             0x08008001   Thumb Code   180  sin.o(i.__hardfp_sin)
    __hardfp_sqrt                            0x080080c9   Thumb Code   122  sqrt.o(i.__hardfp_sqrt)
    __hardfp_sqrtf                           0x08008143   Thumb Code    58  sqrtf.o(i.__hardfp_sqrtf)
    __ieee754_rem_pio2                       0x08008181   Thumb Code   938  rred.o(i.__ieee754_rem_pio2)
    __kernel_cos                             0x080085b9   Thumb Code   322  cos_i.o(i.__kernel_cos)
    __kernel_poly                            0x08008729   Thumb Code   248  poly.o(i.__kernel_poly)
    __kernel_sin                             0x08008821   Thumb Code   280  sin_i.o(i.__kernel_sin)
    __mathlib_dbl_infnan                     0x08008951   Thumb Code    20  dunder.o(i.__mathlib_dbl_infnan)
    __mathlib_dbl_invalid                    0x08008969   Thumb Code    24  dunder.o(i.__mathlib_dbl_invalid)
    __mathlib_dbl_underflow                  0x08008989   Thumb Code    24  dunder.o(i.__mathlib_dbl_underflow)
    __scatterload_copy                       0x080089a9   Thumb Code    14  handlers.o(i.__scatterload_copy)
    __scatterload_null                       0x080089b7   Thumb Code     2  handlers.o(i.__scatterload_null)
    __scatterload_zeroinit                   0x080089b9   Thumb Code    14  handlers.o(i.__scatterload_zeroinit)
    __set_errno                              0x080089c9   Thumb Code     6  errno.o(i.__set_errno)
    _is_digit                                0x08008bb1   Thumb Code    14  scanf_fp.o(i._is_digit)
    fabs                                     0x08009305   Thumb Code    24  fabs.o(i.fabs)
    fputc                                    0x0800931d   Thumb Code    18  fputc.o(i.fputc)
    free                                     0x08009331   Thumb Code    76  malloc.o(i.free)
    main                                     0x08009381   Thumb Code    54  main.o(i.main)
    malloc                                   0x080093d5   Thumb Code    92  malloc.o(i.malloc)
    __rw::__string_ref<char, std::char_traits<char>, std::allocator<char>>::_C_inc_ref() 0x08009441   Thumb Code    14  matrix.o(t._ZN4__rw12__string_refIcSt11char_traitsIcESaIcEE10_C_inc_refEv)
    __rw::__rw_facet_maker<std::ctype<char>>::_C_maker_func(int, const char*, unsigned) 0x08009455   Thumb Code    70  rwstdexcept.o(t._ZN4__rw16__rw_facet_makerISt5ctypeIcEE13_C_maker_funcEiPKcj)
    __rw::__rw_locale_vector<__rw::__rw_facet_base*>::resize(unsigned, __rw::__rw_facet_base*const &) 0x0800949b   Thumb Code    86  locale.o(t._ZN4__rw18__rw_locale_vectorIPNS_15__rw_facet_baseEE6resizeEjRKS2_)
    __rw::__rw_locale_vector<__rw::__rw_facet_base*>::~__rw_locale_vector() 0x080094f1   Thumb Code    14  locale.o(t._ZN4__rw18__rw_locale_vectorIPNS_15__rw_facet_baseEED1Ev)
    __rw::__rw_locale_vector<__rw::__rw_facet_base*>::~__rw_locale_vector__sub_object() 0x080094f1   Thumb Code     0  locale.o(t._ZN4__rw18__rw_locale_vectorIPNS_15__rw_facet_baseEED1Ev)
    __rw::__rw_locale_vector<__rw::__rw_cat*>::~__rw_locale_vector() 0x080094ff   Thumb Code    14  rwcats.o(t._ZN4__rw18__rw_locale_vectorIPNS_8__rw_catEED1Ev)
    __rw::__rw_locale_vector<__rw::__rw_cat*>::~__rw_locale_vector__sub_object() 0x080094ff   Thumb Code     0  rwcats.o(t._ZN4__rw18__rw_locale_vectorIPNS_8__rw_catEED1Ev)
    __rw::__rw_locale_vector<std::basic_string<char, std::char_traits<char>, std::allocator<char>>>::~__rw_locale_vector() 0x0800950d   Thumb Code    16  locale.o(t._ZN4__rw18__rw_locale_vectorISsED1Ev)
    __rw::__rw_locale_vector<std::basic_string<char, std::char_traits<char>, std::allocator<char>>>::~__rw_locale_vector__sub_object() 0x0800950d   Thumb Code     0  locale.o(t._ZN4__rw18__rw_locale_vectorISsED1Ev)
    __rw::__rw_locale_vector<std::__rw_open_cat_data>::resize(unsigned) 0x08009521   Thumb Code   122  messages.o(t._ZN4__rw18__rw_locale_vectorISt18__rw_open_cat_dataE6resizeEj)
    __rw::__rw_locale_vector<std::__rw_open_cat_data>::~__rw_locale_vector() 0x080095a9   Thumb Code    16  messages.o(t._ZN4__rw18__rw_locale_vectorISt18__rw_open_cat_dataED1Ev)
    __rw::__rw_locale_vector<std::__rw_open_cat_data>::~__rw_locale_vector__sub_object() 0x080095a9   Thumb Code     0  messages.o(t._ZN4__rw18__rw_locale_vectorISt18__rw_open_cat_dataED1Ev)
    std::messages<char>::do_get(int, int, int, const std::basic_string<char, std::char_traits<char>, std::allocator<char>>&) const 0x080095bd   Thumb Code   136  rwstdexcept.o(t._ZNKSt8messagesIcE6do_getEiiiRKSs)
    std::messages<char>::do_open(const std::basic_string<char, std::char_traits<char>, std::allocator<char>>&, const std::locale&) const 0x0800964d   Thumb Code     6  rwstdexcept.o(t._ZNKSt8messagesIcE7do_openERKSsRKSt6locale)
    std::basic_string<char, std::char_traits<char>, std::allocator<char>>::_C_allocate(unsigned, unsigned, unsigned) 0x08009653   Thumb Code    50  locale.o(t._ZNSs11_C_allocateEjjj)
    std::basic_string<char, std::char_traits<char>, std::allocator<char>>::replace(unsigned, unsigned, const char*, unsigned) 0x08009685   Thumb Code    24  locale.o(t._ZNSs7replaceEjjPKcj)
    std::basic_string<char, std::char_traits<char>, std::allocator<char>>::replace(unsigned, unsigned, const char*, unsigned, unsigned, unsigned) 0x0800969d   Thumb Code   352  char.o(t._ZNSs7replaceEjjPKcjjj)
    std::basic_string<char, std::char_traits<char>, std::allocator<char>>::_C_getRep(unsigned, unsigned) 0x08009805   Thumb Code   108  char.o(t._ZNSs9_C_getRepEjj)
    std::basic_string<char, std::char_traits<char>, std::allocator<char>>::_C_unlink() 0x08009879   Thumb Code    66  char.o(t._ZNSs9_C_unlinkEv)
    std::basic_string<char, std::char_traits<char>, std::allocator<char>>::basic_string(const char*, const std::allocator<char>&) 0x080098c1   Thumb Code    52  locale.o(t._ZNSsC1EPKcRKSaIcE)
    std::basic_string<char, std::char_traits<char>, std::allocator<char>>::basic_string__sub_object(const char*, const std::allocator<char>&) 0x080098c1   Thumb Code     0  locale.o(t._ZNSsC1EPKcRKSaIcE)
    std::basic_string<char, std::char_traits<char>, std::allocator<char>>::basic_string(const std::allocator<char>&) 0x080098f9   Thumb Code    12  locale.o(t._ZNSsC1ERKSaIcE)
    std::basic_string<char, std::char_traits<char>, std::allocator<char>>::basic_string__sub_object(const std::allocator<char>&) 0x080098f9   Thumb Code     0  locale.o(t._ZNSsC1ERKSaIcE)
    std::basic_string<char, std::char_traits<char>, std::allocator<char>>::basic_string(const std::basic_string<char, std::char_traits<char>, std::allocator<char>>&) 0x08009909   Thumb Code    62  char.o(t._ZNSsC1ERKSs)
    std::basic_string<char, std::char_traits<char>, std::allocator<char>>::basic_string__sub_object(const std::basic_string<char, std::char_traits<char>, std::allocator<char>>&) 0x08009909   Thumb Code     0  char.o(t._ZNSsC1ERKSs)
    std::basic_string<char, std::char_traits<char>, std::allocator<char>>::~basic_string() 0x08009947   Thumb Code    12  char.o(t._ZNSsD1Ev)
    std::basic_string<char, std::char_traits<char>, std::allocator<char>>::~basic_string__sub_object() 0x08009947   Thumb Code     0  char.o(t._ZNSsD1Ev)
    std::basic_string<char, std::char_traits<char>, std::allocator<char>>::operator =(const char*) 0x08009955   Thumb Code    70  locale.o(t._ZNSsaSEPKc)
    std::basic_string<char, std::char_traits<char>, std::allocator<char>>::operator =(const std::basic_string<char, std::char_traits<char>, std::allocator<char>>&) 0x080099a1   Thumb Code    62  locale.o(t._ZNSsaSERKSs)
    const T1& std::max<unsigned>(const T1&, const T1&) 0x080099df   Thumb Code    12  char.o(t._ZSt3maxIjERKT_S2_S2_)
    finishFlags                              0x080099ea   Data           3  actionctrl.o(.constdata)
    std::ctype<char>::_C_classic_table       0x08009ae8   Data         512  char.o(.constdata)
    __ctype_table                            0x08009e08   Data         129  ctype_o.o(.constdata)
    vtable for std::locale::facet            0x08009e90   Data          20  rwstdexcept.o(.constdata__ZTVNSt6locale5facetE)
    vtable for std::ctype_byname<char>       0x08009ea4   Data          52  char.o(.constdata__ZTVSt12ctype_bynameIcE)
    vtable for std::__rw_exception           0x08009ed8   Data          20  rwstdexcept.o(.constdata__ZTVSt14__rw_exception)
    vtable for std::ctype<char>              0x08009eec   Data          52  char.o(.constdata__ZTVSt5ctypeIcE)
    vtable for std::messages<char>           0x08009f20   Data          32  rwstdexcept.o(.constdata__ZTVSt8messagesIcE)
    vtable for std::exception                0x08009f40   Data          20  exception_dtor.o(.constdata__ZTVSt9exception)
    __rw::__rw_locale_imp::_C_category_name(int) const::string 0x08009f54   Data           1  locale.o(.constdata__ZZNK4__rw15__rw_locale_imp16_C_category_nameEiEs)
    std::basic_string<char, std::char_traits<char>, std::allocator<char>>::replace(unsigned, unsigned, const char*, unsigned, unsigned, unsigned)::string 0x08009f55   Data           1  map.o(.constdata__ZZNSs7replaceEjjPKcjjjEs)
    std::basic_string<char, std::char_traits<char>, std::allocator<char>>::_C_getRep(unsigned, unsigned)::string 0x08009f56   Data           1  map.o(.constdata__ZZNSs9_C_getRepEjjEs)
    std::messages<char>::messages(unsigned)::string 0x08009f57   Data           2  rwstdexcept.o(.constdata__ZZNSt8messagesIcEC1EjEs)
    Region$$Table$$Base                      0x0800a1d0   Number         0  anon$$obj.o(Region$$Table)
    Region$$Table$$Limit                     0x0800a1f0   Number         0  anon$$obj.o(Region$$Table)
    SHT$$INIT_ARRAY$$Base                    0x0800a1f0   Number         0  map.o(.init_array)
    SHT$$INIT_ARRAY$$Limit                   0x0800a200   Number         0  rwcats.o(.init_array)
    AngleOffset                              0x20000014   Data           2  map.o(.data)
    Angle_cnt                                0x20000016   Data           2  map.o(.data)
    BeepMutexflag                            0x20000018   Data           1  beep.o(.data)
    InfoChannel_flag                         0x20000019   Data           6  watchdog.o(.data)
    Eq_BufferFlag                            0x20000020   Data           1  interfacetoequips.o(.data)
    Eq_DataHeadCorrect                       0x20000022   Data           2  interfacetoequips.o(.data)
    RcvEq_Ready                              0x20000024   Data           1  interfacetoequips.o(.data)
    Eq_isSendingflag                         0x20000025   Data           1  interfacetoequips.o(.data)
    BufferFlag                               0x2000002c   Data           1  interfacetomaster.o(.data)
    PID_flag                                 0x2000002d   Data           1  interfacetomaster.o(.data)
    DataHeadCorrect                          0x2000002e   Data           2  interfacetomaster.o(.data)
    PC_BufferFlag                            0x20000034   Data           1  interfacetomicropc.o(.data)
    PC_DataHeadCorrect                       0x20000036   Data           2  interfacetomicropc.o(.data)
    KEY1_value                               0x20000038   Data           1  interfacetomicropc.o(.data)
    KEY2_value                               0x20000039   Data           1  interfacetomicropc.o(.data)
    Rotate_value                             0x2000003a   Data           1  interfacetomicropc.o(.data)
    caculed_ward                             0x2000003b   Data           1  interfacetomicropc.o(.data)
    RcvPC_Ready                              0x2000003c   Data           1  interfacetomicropc.o(.data)
    sendbuffer                               0x2000003e   Data           6  interfacetomicropc.o(.data)
    Axis                                     0x20000044   Data           3  interfacetomicropc.o(.data)
    spin_flag                                0x2000004c   Data           1  control.o(.data)
    NEXT_FLAG                                0x2000004d   Data           1  control.o(.data)
    AimSpeed                                 0x20000058   Data           6  interfacetof103.o(.data)
    RealSpeed                                0x2000005e   Data           6  interfacetof103.o(.data)
    F1_BufferFlag                            0x20000064   Data           1  interfacetof103.o(.data)
    F1_PID_flag                              0x20000065   Data           1  interfacetof103.o(.data)
    F1_DataHeadCorrect                       0x20000066   Data           2  interfacetof103.o(.data)
    f                                        0x20000068   Data           1  interfacetof103.o(.data)
    g                                        0x20000069   Data           1  interfacetof103.o(.data)
    RcvF1_Ready                              0x2000006a   Data           1  interfacetof103.o(.data)
    End_Distance                             0x20000084   Data           4  positionctrl.o(.data)
    AdjSpeed                                 0x20000088   Data           4  positionctrl.o(.data)
    EndSpeed                                 0x2000008c   Data           4  positionctrl.o(.data)
    SpinState                                0x20000090   Data           1  actionctrl.o(.data)
    Act_flag                                 0x20000091   Data           1  actionctrl.o(.data)
    ActCylinders                             0x20000092   Data           1  actionctrl.o(.data)
    isReady                                  0x20000093   Data           3  actionctrl.o(.data)
    ActACK                                   0x20000096   Data           1  actionctrl.o(.data)
    isActFinishied                           0x20000097   Data           1  actionctrl.o(.data)
    isWaitingforACK                          0x20000098   Data           1  actionctrl.o(.data)
    SendCnt                                  0x2000009c   Data           4  actionctrl.o(.data)
    Baseflags                                0x200000a3   Data           3  base.o(.data)
    AirPressureState                         0x200000a6   Data           1  base.o(.data)
    Next                                     0x200000a7   Data           1  process.o(.data)
    ChangeFlag                               0x200000a8   Data           1  process.o(.data)
    CastNormBallSuccessed_TZ1                0x200000a9   Data           1  process.o(.data)
    CastNormBallSuccessed_TZ2                0x200000aa   Data           1  process.o(.data)
    CastGoldenBallSuccessed                  0x200000ab   Data           1  process.o(.data)
    MovePointCnt                             0x200000ac   Data           1  process.o(.data)
    HandReadyflag                            0x200000ad   Data           2  process.o(.data)
    HaveBallNumber                           0x200000af   Data           1  process.o(.data)
    GotoThePoint                             0x200000b0   Data           1  process.o(.data)
    std::ctype<char>::id                     0x200000cc   Data           4  char.o(.data)
    std::ctype<wchar_t>::id                  0x200000d0   Data           4  char.o(.data)
    std::locale::_C_classic                  0x200000dc   Data           4  locale.o(.data)
    std::locale::_C_native                   0x200000e0   Data           4  locale.o(.data)
    std::locale::_C_global                   0x200000e4   Data           4  locale.o(.data)
    std::codecvt<char, char, std::__mbstate_t>::id 0x200000e8   Data           4  locale.o(.data)
    std::codecvt<wchar_t, char, std::__mbstate_t>::id 0x200000ec   Data           4  locale.o(.data)
    __rw_throw_proc                          0x200000f0   Data           4  rwthrowproc_noex.o(.data)
    __stderr                                 0x200000f4   Data           4  stderr.o(.data)
    __microlib_freelist                      0x20000110   Data           4  mvars.o(.data)
    __microlib_freelist_initialised          0x20000114   Data           4  mvars.o(.data)
    std::locale::id::_C_init() const::_C_id_gen 0x2000011c   Data           4  locale.o(.data__ZZNKSt6locale2id7_C_initEvE9_C_id_gen)
    guard variable for std::__rw_get_cats()::__open_cats 0x20000120   Data           4  messages.o(.data__ZZSt13__rw_get_catsvE11__open_cats)
    std::__rw_get_cats()::__open_cats        0x20000124   Data           8  messages.o(.data__ZZSt13__rw_get_catsvE11__open_cats)
    Origin                                   0x20000148   Data          16  map.o(.bss)
    OriginalCoord                            0x20000158   Data          16  map.o(.bss)
    CoordBase_O                              0x20000168   Data          16  map.o(.bss)
    CoordBase_R                              0x20000178   Data          16  map.o(.bss)
    CorrectMat                               0x20000188   Data          20  map.o(.bss)
    OtherCoordinate                          0x200001a0   Data          16  map.o(.bss)
    motion                                   0x200001b0   Data          24  map.o(.bss)
    Coordinate                               0x200001c8   Data          16  map.o(.bss)
    Eq_RxBuffer                              0x200001d8   Data          40  interfacetoequips.o(.bss)
    Eq_Tx_Buffer                             0x20000200   Data          20  interfacetoequips.o(.bss)
    CMDBuffer                                0x20000214   Data         112  interfacetomaster.o(.bss)
    Tx_Buffer                                0x20000284   Data          36  interfacetomaster.o(.bss)
    PIDSetting                               0x200002a8   Data          30  interfacetomaster.o(.bss)
    PC_RxBuffer                              0x200002c8   Data          80  interfacetomicropc.o(.bss)
    PC_Tx_Buffer                             0x20000318   Data          16  interfacetomicropc.o(.bss)
    F1_RxBuffer                              0x20000328   Data          80  interfacetof103.o(.bss)
    F1_Tx_Buffer                             0x20000378   Data          32  interfacetof103.o(.bss)
    Vol_Curve                                0x20000398   Data          64  vol_curve.o(.bss)
    MOV_Line                                 0x200003d8   Data          72  positionctrl.o(.bss)
    pidData_Time                             0x20000420   Data          52  motion_ctrl.o(.bss)
    pidData_End                              0x20000454   Data          52  motion_ctrl.o(.bss)
    pidData_Location                         0x20000488   Data          52  motion_ctrl.o(.bss)
    Motion                                   0x200004c0   Data          32  motion_ctrl.o(.bss)
    Base_CMD                                 0x200004e0   Data          16  base.o(.bss)
    MovePoint                                0x200004f0   Data         108  process.o(.bss)
    scheduler                                0x2000055c   Data          10  schedule.o(.bss)
    std::basic_string<char, std::char_traits<char>, std::allocator<char>>::__nullref 0x20000580   Data          16  vendor.o(.bss__ZNSs9__nullrefE)
    __heap_base                              0x20000590   Data           0  startup_stm32f429_439xx.o(HEAP)
    __heap_limit                             0x20000d90   Data           0  startup_stm32f429_439xx.o(HEAP)
    __initial_sp                             0x20001590   Data           0  startup_stm32f429_439xx.o(STACK)



==============================================================================

Memory Map of the image

  Image Entry point : 0x080001ad

  Load Region LR_IROM1 (Base: 0x08000000, Size: 0x0000a32c, Max: 0x00100000, ABSOLUTE, COMPRESSED[0x0000a240])

    Execution Region ER_IROM1 (Base: 0x08000000, Size: 0x0000a200, Max: 0x00100000, ABSOLUTE)

    Base Addr    Size         Type   Attr      Idx    E Section Name        Object

    0x08000000   0x000001ac   Data   RO            3    RESET               startup_stm32f429_439xx.o
    0x080001ac   0x00000000   Code   RO         8873  * .ARM.Collect$$$$00000000  mc_w.l(entry.o)
    0x080001ac   0x00000004   Code   RO         9587    .ARM.Collect$$$$00000001  mc_w.l(entry2.o)
    0x080001b0   0x00000004   Code   RO         9590    .ARM.Collect$$$$00000004  mc_w.l(entry5.o)
    0x080001b4   0x00000000   Code   RO         9592    .ARM.Collect$$$$00000008  mc_w.l(entry7b.o)
    0x080001b4   0x00000004   Code   RO         9593    .ARM.Collect$$$$00000009  mc_w.l(entry8a.o)
    0x080001b8   0x00000000   Code   RO         9594    .ARM.Collect$$$$0000000A  mc_w.l(entry8b.o)
    0x080001b8   0x00000008   Code   RO         9595    .ARM.Collect$$$$0000000B  mc_w.l(entry9a.o)
    0x080001c0   0x00000000   Code   RO         9597    .ARM.Collect$$$$0000000D  mc_w.l(entry10a.o)
    0x080001c0   0x00000000   Code   RO         9599    .ARM.Collect$$$$0000000F  mc_w.l(entry11a.o)
    0x080001c0   0x00000004   Code   RO         9588    .ARM.Collect$$$$00002712  mc_w.l(entry2.o)
    0x080001c4   0x00000024   Code   RO            4    .text               startup_stm32f429_439xx.o
    0x080001e8   0x00000024   Code   RO         8876    .text               mc_w.l(memcpya.o)
    0x0800020c   0x00000040   Code   RO         8878    .text               mc_w.l(memmovea.o)
    0x0800024c   0x00000024   Code   RO         8880    .text               mc_w.l(memseta.o)
    0x08000270   0x0000000e   Code   RO         8882    .text               mc_w.l(strlen.o)
    0x0800027e   0x00000002   PAD
    0x08000280   0x00000020   Code   RO         8891    .text               mc_w.l(cpp_init.o)
    0x080002a0   0x0000014e   Code   RO         8893    .text               mf_w.l(dadd.o)
    0x080003ee   0x000000e4   Code   RO         8895    .text               mf_w.l(dmul.o)
    0x080004d2   0x000000de   Code   RO         8897    .text               mf_w.l(ddiv.o)
    0x080005b0   0x00000022   Code   RO         8901    .text               mf_w.l(dflti.o)
    0x080005d2   0x0000001a   Code   RO         8903    .text               mf_w.l(dfltui.o)
    0x080005ec   0x0000003e   Code   RO         8905    .text               mf_w.l(dfixi.o)
    0x0800062a   0x00000032   Code   RO         8907    .text               mf_w.l(dfixui.o)
    0x0800065c   0x00000026   Code   RO         8909    .text               mf_w.l(f2d.o)
    0x08000682   0x00000002   PAD
    0x08000684   0x00000030   Code   RO         8911    .text               mf_w.l(cdcmple.o)
    0x080006b4   0x00000030   Code   RO         8913    .text               mf_w.l(cdrcmple.o)
    0x080006e4   0x00000038   Code   RO         8915    .text               mf_w.l(d2f.o)
    0x0800071c   0x0000000e   Code   RO         9543    .text               cpprt_w.l(aeabi_vec_delete_noexceptions.o)
    0x0800072a   0x0000001e   Code   RO         9602    .text               mc_w.l(llshl.o)
    0x08000748   0x00000020   Code   RO         9604    .text               mc_w.l(llushr.o)
    0x08000768   0x00000024   Code   RO         9606    .text               mc_w.l(llsshr.o)
    0x0800078c   0x00000018   Code   RO         9612    .text               mc_w.l(strcat.o)
    0x080007a4   0x00000012   Code   RO         9614    .text               mc_w.l(strcpy.o)
    0x080007b6   0x00000020   Code   RO         9616    .text               mc_w.l(strrchr.o)
    0x080007d6   0x00000002   PAD
    0x080007d8   0x00000038   Code   RO         9681    .text               mc_w.l(sscanf.o)
    0x08000810   0x00000000   Code   RO         9683    .text               mc_w.l(iusefp.o)
    0x08000810   0x00000008   Code   RO         9684    .text               mc_w.l(cpp_dtor.o)
    0x08000818   0x00000002   Code   RO         9687    .text               mc_w.l(cpp_final.o)
    0x0800081a   0x00000002   PAD
    0x0800081c   0x00000020   Code   RO         9689    .text               mc_w.l(cpp_unwinder.o)
    0x0800083c   0x0000006e   Code   RO         9692    .text               mf_w.l(fepilogue.o)
    0x080008aa   0x000000ba   Code   RO         9694    .text               mf_w.l(depilogue.o)
    0x08000964   0x000000a2   Code   RO         9696    .text               mf_w.l(dsqrt.o)
    0x08000a06   0x00000086   Code   RO         9698    .text               mf_w.l(drem.o)
    0x08000a8c   0x00000004   Code   RO         9789    .text               cpprt_w.l(arm_newhandler_noexceptions.o)
    0x08000a90   0x0000001a   Code   RO         9833    .text               cpprt_w.l(arm_exceptions_terminate.o)
    0x08000aaa   0x00000002   PAD
    0x08000aac   0x00000050   Code   RO         9836    .text               cpprt_w.l(arm_exceptions_globs.o)
    0x08000afc   0x00000024   Code   RO         9842    .text               mc_w.l(init.o)
    0x08000b20   0x0000002c   Code   RO         9847    .text               mc_w.l(uidiv.o)
    0x08000b4c   0x00000062   Code   RO         9849    .text               mc_w.l(uldiv.o)
    0x08000bae   0x00000002   PAD
    0x08000bb0   0x00000008   Code   RO         9851    .text               mc_w.l(ctype_o.o)
    0x08000bb8   0x00000012   Code   RO         9873    .text               mc_w.l(isspace_o.o)
    0x08000bca   0x00000042   Code   RO         9887    .text               mc_w.l(memmove.o)
    0x08000c0c   0x0000001c   Code   RO         9891    .text               mc_w.l(strcmp.o)
    0x08000c28   0x00000156   Code   RO         9905    .text               mc_w.l(_scanf_longlong.o)
    0x08000d7e   0x0000014c   Code   RO         9907    .text               mc_w.l(_scanf_int.o)
    0x08000eca   0x000000e0   Code   RO         9909    .text               mc_w.l(_scanf_str.o)
    0x08000faa   0x00000002   PAD
    0x08000fac   0x00000338   Code   RO         9911    .text               mc_w.l(scanf_fp.o)
    0x080012e4   0x00000028   Code   RO         9915    .text               mc_w.l(scanf_char.o)
    0x0800130c   0x00000040   Code   RO         9917    .text               mc_w.l(_sgetc.o)
    0x0800134c   0x00000008   Code   RO         9919    .text               mc_w.l(cpp_memory.o)
    0x08001354   0x00000030   Code   RO         9922    .text               mf_w.l(dfixul.o)
    0x08001384   0x00000002   Code   RO         9924    .text               cpprt_w.l(arm_rethrow_noexceptions.o)
    0x08001386   0x00000022   Code   RO         9930    .text               cpprt_w.l(aeabi_vec_dtor_noexceptions.o)
    0x080013a8   0x0000003c   Code   RO         9933    .text               cpprt_w.l(arm_exceptions_mem.o)
    0x080013e4   0x00000000   Code   RO         9939    .text               mc_w.l(semi.o)
    0x080013e4   0x0000001c   Code   RO         9945    .text               mc_w.l(_chval.o)
    0x08001400   0x0000032c   Code   RO         9947    .text               mc_w.l(_scanf.o)
    0x0800172c   0x00000000   Code   RO         9951    .text               mc_w.l(iusesemip.o)
    0x0800172c   0x00000018   Code   RO         9952    .text               mf_w.l(dfltul.o)
    0x08001744   0x0000001c   Code   RO         9965    .text               cpprt_w.l(ARM_vec_cleanup_noexceptions.o)
    0x08001760   0x00000056   Code   RO         9977    .text               mc_w.l(__dczerorl2.o)
    0x080017b6   0x00000014   Code   RO         9168    i.<Func5>           cpp_ws.l(locale.o)
    0x080017ca   0x00000004   Code   RO           49    i.BusFault_Handler  stm32f4xx_it.o
    0x080017ce   0x00000002   PAD
    0x080017d0   0x0000009c   Code   RO           50    i.DMA1_Stream1_IRQHandler  stm32f4xx_it.o
    0x0800186c   0x00000090   Code   RO           51    i.DMA1_Stream2_IRQHandler  stm32f4xx_it.o
    0x080018fc   0x00000020   Code   RO           52    i.DMA1_Stream3_IRQHandler  stm32f4xx_it.o
    0x0800191c   0x0000002c   Code   RO           53    i.DMA1_Stream4_IRQHandler  stm32f4xx_it.o
    0x08001948   0x000000a4   Code   RO           54    i.DMA1_Stream5_IRQHandler  stm32f4xx_it.o
    0x080019ec   0x00000020   Code   RO           55    i.DMA1_Stream6_IRQHandler  stm32f4xx_it.o
    0x08001a0c   0x0000009c   Code   RO           56    i.DMA2_Stream5_IRQHandler  stm32f4xx_it.o
    0x08001aa8   0x00000020   Code   RO           57    i.DMA2_Stream7_IRQHandler  stm32f4xx_it.o
    0x08001ac8   0x00000034   Code   RO         1622    i.DMA_ClearFlag     stm32f4xx_dma.o
    0x08001afc   0x00000034   Code   RO         1623    i.DMA_ClearITPendingBit  stm32f4xx_dma.o
    0x08001b30   0x00000016   Code   RO         1624    i.DMA_Cmd           stm32f4xx_dma.o
    0x08001b46   0x00000002   PAD
    0x08001b48   0x00000158   Code   RO         1625    i.DMA_DeInit        stm32f4xx_dma.o
    0x08001ca0   0x00000044   Code   RO         1633    i.DMA_GetFlagStatus  stm32f4xx_dma.o
    0x08001ce4   0x0000003a   Code   RO         1635    i.DMA_ITConfig      stm32f4xx_dma.o
    0x08001d1e   0x00000002   PAD
    0x08001d20   0x00000058   Code   RO         1636    i.DMA_Init          stm32f4xx_dma.o
    0x08001d78   0x00000004   Code   RO         1639    i.DMA_SetCurrDataCounter  stm32f4xx_dma.o
    0x08001d7c   0x00000002   Code   RO           58    i.DebugMon_Handler  stm32f4xx_it.o
    0x08001d7e   0x00000090   Code   RO         2595    i.GPIO_Init         stm32f4xx_gpio.o
    0x08001e0e   0x00000046   Code   RO         2596    i.GPIO_PinAFConfig  stm32f4xx_gpio.o
    0x08001e54   0x00000004   Code   RO           59    i.HardFault_Handler  stm32f4xx_it.o
    0x08001e58   0x00000004   Code   RO           60    i.MemManage_Handler  stm32f4xx_it.o
    0x08001e5c   0x00000002   Code   RO           61    i.NMI_Handler       stm32f4xx_it.o
    0x08001e5e   0x00000002   PAD
    0x08001e60   0x00000078   Code   RO          388    i.NVIC_Init         misc.o
    0x08001ed8   0x00000014   Code   RO          389    i.NVIC_PriorityGroupConfig  misc.o
    0x08001eec   0x00000002   Code   RO           62    i.PendSV_Handler    stm32f4xx_it.o
    0x08001eee   0x00000002   PAD
    0x08001ef0   0x00000020   Code   RO         3670    i.RCC_AHB1PeriphClockCmd  stm32f4xx_rcc.o
    0x08001f10   0x00000020   Code   RO         3679    i.RCC_APB1PeriphClockCmd  stm32f4xx_rcc.o
    0x08001f30   0x00000020   Code   RO         3682    i.RCC_APB2PeriphClockCmd  stm32f4xx_rcc.o
    0x08001f50   0x000000e8   Code   RO         3691    i.RCC_GetClocksFreq  stm32f4xx_rcc.o
    0x08002038   0x00000002   Code   RO           63    i.SVC_Handler       stm32f4xx_it.o
    0x0800203a   0x00000002   Code   RO           64    i.SysTick_Handler   stm32f4xx_it.o
    0x0800203c   0x00000068   Code   RO          311    i.SystemInit        system_stm32f4xx.o
    0x080020a4   0x00000028   Code   RO           65    i.TIM6_DAC_IRQHandler  stm32f4xx_it.o
    0x080020cc   0x0000004c   Code   RO           66    i.TIM7_IRQHandler   stm32f4xx_it.o
    0x08002118   0x0000001e   Code   RO         5281    i.TIM_CCxCmd        stm32f4xx_tim.o
    0x08002136   0x00000006   Code   RO         5284    i.TIM_ClearITPendingBit  stm32f4xx_tim.o
    0x0800213c   0x00000018   Code   RO         5289    i.TIM_Cmd           stm32f4xx_tim.o
    0x08002154   0x00000012   Code   RO         5309    i.TIM_GetFlagStatus  stm32f4xx_tim.o
    0x08002166   0x00000012   Code   RO         5314    i.TIM_ITConfig      stm32f4xx_tim.o
    0x08002178   0x000000a0   Code   RO         5328    i.TIM_OC3Init       stm32f4xx_tim.o
    0x08002218   0x00000012   Code   RO         5331    i.TIM_OC3PreloadConfig  stm32f4xx_tim.o
    0x0800222a   0x00000004   Code   RO         5349    i.TIM_SetAutoreload  stm32f4xx_tim.o
    0x0800222e   0x00000004   Code   RO         5353    i.TIM_SetCompare3   stm32f4xx_tim.o
    0x08002232   0x00000002   PAD
    0x08002234   0x00000084   Code   RO         5361    i.TIM_TimeBaseInit  stm32f4xx_tim.o
    0x080022b8   0x00000178   Code   RO           67    i.UART7_IRQHandler  stm32f4xx_it.o
    0x08002430   0x00000012   Code   RO         5935    i.USART_ClearFlag   stm32f4xx_usart.o
    0x08002442   0x0000001e   Code   RO         5936    i.USART_ClearITPendingBit  stm32f4xx_usart.o
    0x08002460   0x00000018   Code   RO         5939    i.USART_Cmd         stm32f4xx_usart.o
    0x08002478   0x00000012   Code   RO         5940    i.USART_DMACmd      stm32f4xx_usart.o
    0x0800248a   0x0000001a   Code   RO         5942    i.USART_GetFlagStatus  stm32f4xx_usart.o
    0x080024a4   0x00000054   Code   RO         5943    i.USART_GetITStatus  stm32f4xx_usart.o
    0x080024f8   0x0000004a   Code   RO         5945    i.USART_ITConfig    stm32f4xx_usart.o
    0x08002542   0x00000002   PAD
    0x08002544   0x000000d4   Code   RO         5946    i.USART_Init        stm32f4xx_usart.o
    0x08002618   0x0000000a   Code   RO         5953    i.USART_ReceiveData  stm32f4xx_usart.o
    0x08002622   0x00000008   Code   RO         5956    i.USART_SendData    stm32f4xx_usart.o
    0x0800262a   0x00000004   Code   RO           68    i.UsageFault_Handler  stm32f4xx_it.o
    0x0800262e   0x00000002   PAD
    0x08002630   0x00000014   Code   RO         6891    i._Z10BeepingOFFv   beep.o
    0x08002644   0x00000044   Code   RO         7933    i._Z10CreatCurveddj  vol_curve.o
    0x08002688   0x000000f4   Code   RO         7431    i._Z10CreateLine5PointS_  planeanalyticgeometry.o
    0x0800277c   0x00000130   Code   RO         7432    i._Z10CreateLine5Pointdb  planeanalyticgeometry.o
    0x080028ac   0x00000094   Code   RO         8140    i._Z10SpecialActR14SpecialActionsRh  actionctrl.o
    0x08002940   0x0000008c   Code   RO         8065    i._Z11AfterGetAimddj  motion_ctrl.o
    0x080029cc   0x0000026c   Code   RO         8066    i._Z12AimMode_Loopv  motion_ctrl.o
    0x08002c38   0x00000038   Code   RO         7241    i._Z12SendDataToPCv  interfacetomicropc.o
    0x08002c70   0x0000001c   Code   RO         6297    i._Z12USART_Configv  usart.o
    0x08002c8c   0x0000000c   Code   RO         6960    i._Z12WatchDogInitv  watchdog.o
    0x08002c98   0x000001a0   Code   RO         8005    i._Z13CreatMoveLineP10MoveInLineddP10Coordinate  positionctrl.o
    0x08002e38   0x0000001c   Code   RO         8243    i._Z13CtrlPara_Initv  base.o
    0x08002e54   0x00000034   Code   RO         6446    i._Z13MapParamsInitv  map.o
    0x08002e88   0x0000002c   Code   RO         8067    i._Z13OpenMode_Loopv  motion_ctrl.o
    0x08002eb4   0x00000042   Code   RO         7350    i._Z13PIDdataUpdateP3PID  pid.o
    0x08002ef6   0x00000020   Code   RO         6298    i._Z13SendMsg_byDMAP18DMA_Stream_TypeDefj  usart.o
    0x08002f16   0x00000002   PAD
    0x08002f18   0x0000001c   Code   RO         8141    i._Z13SendStateScanv  actionctrl.o
    0x08002f34   0x00000034   Code   RO         8244    i._Z14AimAngleUpdated  base.o
    0x08002f68   0x00000010   Code   RO         8319    i._Z14CarryOutActionR14SpecialActionsRh  process.o
    0x08002f78   0x00000014   Code   RO         7934    i._Z14CurveParamInitv  vol_curve.o
    0x08002f8c   0x00000088   Code   RO         8320    i._Z14MovePointsInitP14MovePointsType  process.o
    0x08003014   0x00000024   Code   RO         7351    i._Z14PIDparamUpdateP3PIDtttii  pid.o
    0x08003038   0x00000038   Code   RO         8245    i._Z14PromptToneScanv  base.o
    0x08003070   0x000000d0   Code   RO         7894    i._Z14SendDataToF103h  interfacetof103.o
    0x08003140   0x0000001c   Code   RO         8143    i._Z14SpinDeviceCtrl16SpinPositionType  actionctrl.o
    0x0800315c   0x00000088   Code   RO         8006    i._Z14getEndDistanced3PID  positionctrl.o
    0x080031e4   0x000000c0   Code   RO         6233    i._Z15Beep_TIM_Configv  tims.o
    0x080032a4   0x00000016   Code   RO         7352    i._Z15constrain_int32iii  pid.o
    0x080032ba   0x00000002   PAD
    0x080032bc   0x00000030   Code   RO         8246    i._Z15saveAimPositionv  base.o
    0x080032ec   0x00000010   Code   RO         8144    i._Z16CleanActionFlagsv  actionctrl.o
    0x080032fc   0x00000518   Code   RO         7312    i._Z16Controler_handlev  control.o
    0x08003814   0x00000090   Code   RO         6892    i._Z16InitCompleteFlag9InitTypes  beep.o
    0x080038a4   0x00000054   Code   RO         7075    i._Z16SendDataToEquipsv  interfacetoequips.o
    0x080038f8   0x000000e0   Code   RO         7190    i._Z16SendDataToMasterv  interfacetomaster.o
    0x080039d8   0x00000100   Code   RO         7438    i._Z17GetDistanceToLine5Point4Line  planeanalyticgeometry.o
    0x08003ad8   0x00000154   Code   RO         8321    i._Z17GoToSpecialPointsP14MovePointsTypeP18MovePointsMarkTypeS1_  process.o
    0x08003c2c   0x00000002   Code   RO         7076    i._Z17InitCylinderStatev  interfacetoequips.o
    0x08003c2e   0x00000008   Code   RO         8449    i._Z17Schedule_TIM_Initv  schedule.o
    0x08003c36   0x00000002   PAD
    0x08003c38   0x000000a0   Code   RO         8007    i._Z18Line_Location_Loop10MoveInLine  positionctrl.o
    0x08003cd8   0x00000040   Code   RO         6234    i._Z18ScheduleTIM_Configv  tims.o
    0x08003d18   0x00000044   Code   RO         6235    i._Z18WatchDogTIM_Configv  tims.o
    0x08003d5c   0x000000b0   Code   RO         6448    i._Z20UpdateRealCoordinatev  map.o
    0x08003e0c   0x0000002c   Code   RO         6299    i._Z21DMA_ReceiveSet_Changejjjj  usart.o
    0x08003e38   0x000000b8   Code   RO         7242    i._Z24ReceiveDataFromPC_Buffer16PC_Rx_BufferType  interfacetomicropc.o
    0x08003ef0   0x000000d4   Code   RO         7895    i._Z26ReceiveDataFromF103_Buffer16F1_Rx_BufferType  interfacetof103.o
    0x08003fc4   0x00000120   Code   RO         7077    i._Z28ReceiveDataFromEquips_Buffer16Eq_Rx_BufferType  interfacetoequips.o
    0x080040e4   0x000002cc   Code   RO         7191    i._Z28ReceiveDataFromMaster_Buffer14CMD_BufferType  interfacetomaster.o
    0x080043b0   0x00000054   Code   RO         6961    i._Z4Barkv          watchdog.o
    0x08004404   0x00000050   Code   RO         8450    i._Z5Loopsv         schedule.o
    0x08004454   0x00000128   Code   RO         7313    i._Z5T_calv         control.o
    0x0800457c   0x00000024   Code   RO         7357    i._Z6GetPIDP3PID    pid.o
    0x080045a0   0x00000006   Code   RO         7358    i._Z6ResetIP3PID    pid.o
    0x080045a6   0x00000002   PAD
    0x080045a8   0x00000028   Code   RO         6962    i._Z6ShutUpv        watchdog.o
    0x080045d0   0x00000010   Code   RO         6963    i._Z7FeedDog10FlagsTypes  watchdog.o
    0x080045e0   0x0000001c   Code   RO         8145    i._Z7GiveACKv       actionctrl.o
    0x080045fc   0x0000005c   Code   RO         8068    i._Z7PIDInitv       motion_ctrl.o
    0x08004658   0x00000020   Code   RO         9700    i._Z7catgetsPN4__rw8__rw_catEiiPKc  cpp_ws.l(rwcats.o)
    0x08004678   0x00000022   Code   RO         9701    i._Z7catopenPKci    cpp_ws.l(rwcats.o)
    0x0800469a   0x00000008   Code   RO         6893    i._Z8BeepInitv      beep.o
    0x080046a2   0x00000002   PAD
    0x080046a4   0x000000b4   Code   RO         8008    i._Z8END_Loopd      positionctrl.o
    0x08004758   0x00000394   Code   RO         8009    i._Z8MixSpeedddd10MoveInLine10CoordinatePiPd  positionctrl.o
    0x08004aec   0x00000038   Code   RO         8247    i._Z8baseInitv      base.o
    0x08004b24   0x0000001c   Code   RO         6894    i._Z8delay_msj      beep.o
    0x08004b40   0x00000024   Code   RO         8248    i._Z9Base_Loopv     base.o
    0x08004b64   0x00000030   Code   RO         6896    i._Z9BeepingONt     beep.o
    0x08004b94   0x00000138   Code   RO         7935    i._Z9CurveLoopd     vol_curve.o
    0x08004ccc   0x00000014   Code   RO         8149    i._Z9flagCheckv     actionctrl.o
    0x08004ce0   0x00000250   Code   RO         6451    i._ZN26_INTERNAL_5_Map_c_1c83cf2821GetOriginalCoordinateE13motion_statusR10Coordinate  map.o
    0x08004f30   0x00000030   Code   RO         6452    i._ZN26_INTERNAL_5_Map_c_1c83cf2824getCurrentCoordIncrementE10CoordinateS0_  map.o
    0x08004f60   0x000000e8   Code   RO         6453    i._ZN26_INTERNAL_5_Map_c_1c83cf2826CorrectCoordinateIncrementE5Point  map.o
    0x08005048   0x00000084   Code   RO         6454    i._ZN26_INTERNAL_5_Map_c_1c83cf289SetOriginEv  map.o
    0x080050cc   0x00000022   Code   RO         6236    i._ZN27_INTERNAL_6_TIMs_c_1dee1b8523ScheduleTIM_NVIC_ConfigEv  tims.o
    0x080050ee   0x00000022   Code   RO         6237    i._ZN27_INTERNAL_6_TIMs_c_1dee1b8523WatchDogTIM_NVIC_ConfigEv  tims.o
    0x08005110   0x0000000c   Code   RO         6300    i._ZN28_INTERNAL_7_USART_c_7079b10310Map_ConfigEv  usart.o
    0x0800511c   0x000000bc   Code   RO         6301    i._ZN28_INTERNAL_7_USART_c_7079b10315PC_USART_ConfigEv  usart.o
    0x080051d8   0x000000a4   Code   RO         6302    i._ZN28_INTERNAL_7_USART_c_7079b10316Map_USART_ConfigEv  usart.o
    0x0800527c   0x000000b8   Code   RO         6303    i._ZN28_INTERNAL_7_USART_c_7079b10317Ctrl_USART_ConfigEv  usart.o
    0x08005334   0x00000110   Code   RO         6304    i._ZN28_INTERNAL_7_USART_c_7079b10318NVIC_ConfigurationEv  usart.o
    0x08005444   0x000000bc   Code   RO         6305    i._ZN28_INTERNAL_7_USART_c_7079b10319Equips_USART_ConfigEv  usart.o
    0x08005500   0x00000088   Code   RO         6306    i._ZN28_INTERNAL_7_USART_c_7079b10322BL_USART_Rx_DMA_ConfigEjj  usart.o
    0x08005588   0x00000080   Code   RO         6307    i._ZN28_INTERNAL_7_USART_c_7079b10322BL_USART_Tx_DMA_ConfigEv  usart.o
    0x08005608   0x000000c8   Code   RO         6308    i._ZN28_INTERNAL_7_USART_c_7079b10322BlueTooth_USART_ConfigEv  usart.o
    0x080056d0   0x00000088   Code   RO         6309    i._ZN28_INTERNAL_7_USART_c_7079b10322PC_USART_Rx_DMA_ConfigEjj  usart.o
    0x08005758   0x00000080   Code   RO         6310    i._ZN28_INTERNAL_7_USART_c_7079b10322PC_USART_Tx_DMA_ConfigEv  usart.o
    0x080057d8   0x00000088   Code   RO         6311    i._ZN28_INTERNAL_7_USART_c_7079b10324Ctrl_USART_Rx_DMA_ConfigEjj  usart.o
    0x08005860   0x00000084   Code   RO         6312    i._ZN28_INTERNAL_7_USART_c_7079b10324Ctrl_USART_Tx_DMA_ConfigEv  usart.o
    0x080058e4   0x00000088   Code   RO         6313    i._ZN28_INTERNAL_7_USART_c_7079b10326Equips_USART_Rx_DMA_ConfigEjj  usart.o
    0x0800596c   0x00000084   Code   RO         6314    i._ZN28_INTERNAL_7_USART_c_7079b10326Equips_USART_Tx_DMA_ConfigEv  usart.o
    0x080059f0   0x00000044   Code   RO         8451    i._ZN32_INTERNAL_10_Schedule_c_608fc9d510Loop_200HzEv  schedule.o
    0x08005a34   0x00000002   Code   RO         8452    i._ZN32_INTERNAL_10_Schedule_c_608fc9d511Loop_1000HzEv  schedule.o
    0x08005a36   0x00000008   Code   RO         8453    i._ZN32_INTERNAL_10_Schedule_c_608fc9d59Loop_20HzEv  schedule.o
    0x08005a3e   0x00000014   Code   RO         8454    i._ZN32_INTERNAL_10_Schedule_c_608fc9d59Loop_50HzEv  schedule.o
    0x08005a52   0x00000018   Code   RO         6964    i._ZN32_INTERNAL_10_WatchDog_c_ec1bf7dc10CheckflagsER5Flags  watchdog.o
    0x08005a6a   0x00000002   PAD
    0x08005a6c   0x00000024   Code   RO         6965    i._ZN32_INTERNAL_10_WatchDog_c_ec1bf7dc16WatchDogParaInitEv  watchdog.o
    0x08005a90   0x000001c0   Code   RO         7936    i._ZN33_INTERNAL_11_Vol_curve_c_8a85b6a913Triangle_LoopEjjjPKdjjj  vol_curve.o
    0x08005c50   0x000002d8   Code   RO         7937    i._ZN33_INTERNAL_11_Vol_curve_c_8a85b6a914Distance_curveEddjP13Vol_CurveType  vol_curve.o
    0x08005f28   0x0000025c   Code   RO         7938    i._ZN33_INTERNAL_11_Vol_curve_c_8a85b6a914Trapezoid_LoopEjjjPKdjjj  vol_curve.o
    0x08006184   0x00000012   Code   RO         8150    i._ZN34_INTERNAL_12_ActionCtrl_c_8926957318WaitforActFinishedERb  actionctrl.o
    0x08006196   0x00000002   PAD
    0x08006198   0x000001d0   Code   RO         8069    i._ZN35_INTERNAL_13_Motion_Ctrl_c_4ff28ade11distanceCalEddddPdS0_  motion_ctrl.o
    0x08006368   0x00000058   Code   RO         8658    i._ZN37_INTERNAL_15_rwstdexcept_cpp_8697b68a4__rw13__rw_vfmatstrEPcjPKcSt9__va_list  cpp_ws.l(rwstdexcept.o)
    0x080063c0   0x0000014c   Code   RO         8659    i._ZN37_INTERNAL_15_rwstdexcept_cpp_8697b68a4__rw13__rw_vfmatstrEPcjiSt9__va_list  cpp_ws.l(rwstdexcept.o)
    0x0800650c   0x00000120   Code   RO          312    i._ZN40_INTERNAL_18_system_stm32f4xx_c_5d646a6711SetSysClockEv  system_stm32f4xx.o
    0x0800662c   0x0000005c   Code   RO         8661    i._ZN4__rw10__rw_throwEiz  cpp_ws.l(rwstdexcept.o)
    0x08006688   0x00000020   Code   RO         8509    i._ZN4__rw13__rw_allocateEji  cpp_ws.l(rwalloc.o)
    0x080066a8   0x00000004   Code   RO         8510    i._ZN4__rw15__rw_deallocateEPvji  cpp_ws.l(rwalloc.o)
    0x080066ac   0x00000002   Code   RO         9115    i._ZN4__rw15__rw_facet_base12_C_initfacetERKSt6locale  cpp_ws.l(char.o)
    0x080066ae   0x00000002   PAD
    0x080066b0   0x000000ec   Code   RO         9271    i._ZN4__rw15__rw_locale_impC1EPKcjj  cpp_ws.l(locale.o)
    0x0800679c   0x0000001a   Code   RO         9309    i._ZN4__rw15__rw_locale_impD1Ev  cpp_ws.l(locale.o)
    0x080067b6   0x0000003a   Code   RO         9169    i._ZN4__rw21__rw_use_c_lib_localeC1EPKci  cpp_ws.l(locale.o)
    0x080067f0   0x00000018   Code   RO         9085    i._ZN4__rw21__rw_use_c_lib_localeD1Ev  cpp_ws.l(char.o)
    0x08006808   0x00000098   Code   RO         9724    i._ZN4__rw25__rw_throw_exception_noexEiPc  cpp_ws.l(rwthrowproc_impl_noex.o)
    0x080068a0   0x00000030   Code   RO         9704    i._ZN4__rw9__catfindEPNS_8__rw_catE  cpp_ws.l(rwcats.o)
    0x080068d0   0x00000074   Code   RO         7520    i._ZN6Matrix10CreatArrayEjj  matrix.o
    0x08006944   0x0000005e   Code   RO         7521    i._ZN6Matrix10fillMatrixENS_16CreatedArreyTypeE  matrix.o
    0x080069a2   0x00000040   Code   RO         7522    i._ZN6Matrix10fillMatrixEPd  matrix.o
    0x080069e2   0x0000002a   Code   RO         7525    i._ZN6Matrix11DeleteArrayENS_16CreatedArreyTypeE  matrix.o
    0x08006a0c   0x0000005a   Code   RO         7531    i._ZN6Matrix16CreatMatrixFrameENS_16CreatedArreyTypeE  matrix.o
    0x08006a66   0x00000094   Code   RO         7532    i._ZN6Matrix16CreatMatrixFrameEPvjj  matrix.o
    0x08006afa   0x00000024   Code   RO         6537    i._ZN6Matrix16CreatedArreyTypeC1ERKS0_  map.o
    0x08006b1e   0x00000018   Code   RO         7760    i._ZN6Matrix16CreatedArreyTypeC1Ev  matrix.o
    0x08006b36   0x00000010   Code   RO         7739    i._ZN6Matrix16CreatedArreyTypeD1Ev  matrix.o
    0x08006b46   0x00000022   Code   RO         7724    i._ZN6Matrix16CreatedArreyTypeaSEOS0_  matrix.o
    0x08006b68   0x000000e0   Code   RO         7535    i._ZN6Matrix4getEEj  matrix.o
    0x08006c48   0x00000080   Code   RO         7538    i._ZN6MatrixC1ERKS_  matrix.o
    0x08006cc8   0x00000038   Code   RO         7539    i._ZN6MatrixC1Ev    matrix.o
    0x08006d00   0x0000003a   Code   RO         7540    i._ZN6MatrixD1Ev    matrix.o
    0x08006d3a   0x0000006e   Code   RO         7541    i._ZN6MatrixaSERKNS_16CreatedArreyTypeE  matrix.o
    0x08006da8   0x000000a8   Code   RO         7542    i._ZN6MatrixaSERKS_  matrix.o
    0x08006e50   0x000000fa   Code   RO         7543    i._ZN6MatrixmlERKS_  matrix.o
    0x08006f4a   0x00000002   PAD
    0x08006f4c   0x00000038   Code   RO         7546    i._ZNK6Matrix15getElementValueEjj  matrix.o
    0x08006f84   0x00000006   Code   RO         7547    i._ZNK6Matrix9getxOrderEv  matrix.o
    0x08006f8a   0x00000006   Code   RO         7548    i._ZNK6Matrix9getyOrderEv  matrix.o
    0x08006f90   0x00000004   Code   RO         8780    i._ZNKSt14__rw_exception4whatEv  cpp_ws.l(rwstdexcept.o)
    0x08006f94   0x00000072   Code   RO         9346    i._ZNKSt18__rw_messages_base11_C_cat_openERKSsRKSt6locale  cpp_ws.l(messages.o)
    0x08007006   0x00000020   Code   RO         9349    i._ZNKSt18__rw_messages_base13_C_get_localeEi  cpp_ws.l(messages.o)
    0x08007026   0x00000034   Code   RO         9350    i._ZNKSt18__rw_messages_base14_C_get_messageEiii  cpp_ws.l(messages.o)
    0x0800705a   0x0000000e   Code   RO         9055    i._ZNKSt5ctypeIcE2isENSt10ctype_base4maskEc  cpp_ws.l(char.o)
    0x08007068   0x00000108   Code   RO         9174    i._ZNKSt6locale13_C_make_facetERKNS_2idEbiPFPN4__rw15__rw_facet_baseEiPKcjE  cpp_ws.l(locale.o)
    0x08007170   0x00000074   Code   RO         9176    i._ZNKSt6locale16_C_install_facetEPN4__rw15__rw_facet_baseERKNS_2idE  cpp_ws.l(locale.o)
    0x080071e4   0x00000030   Code   RO         9177    i._ZNKSt6locale4nameEv  cpp_ws.l(locale.o)
    0x08007214   0x0000000c   Code   RO         9033    i._ZNSt11char_traitsIcE4copyEPcPKcj  cpp_ws.l(char.o)
    0x08007220   0x000000cc   Code   RO         8921    i._ZNSt12ctype_bynameIcE17_C_get_mask_tableEPKc  cpp_ws.l(char.o)
    0x080072ec   0x00000120   Code   RO         8923    i._ZNSt12ctype_bynameIcEC1EPKcj  cpp_ws.l(char.o)
    0x0800740c   0x0000000e   Code   RO         9162    i._ZNSt12ctype_bynameIcED0Ev  cpp_ws.l(char.o)
    0x0800741a   0x00000008   Code   RO         9159    i._ZNSt12ctype_bynameIcED1Ev  cpp_ws.l(char.o)
    0x08007422   0x00000002   PAD
    0x08007424   0x00000084   Code   RO         8664    i._ZNSt14__rw_exception10_C_vformatEiSt9__va_list  cpp_ws.l(rwstdexcept.o)
    0x080074a8   0x00000014   Code   RO         8730    i._ZNSt14__rw_exceptionC1Ev  cpp_ws.l(rwstdexcept.o)
    0x080074bc   0x0000001c   Code   RO         8774    i._ZNSt14__rw_exceptionD1Ev  cpp_ws.l(rwstdexcept.o)
    0x080074d8   0x00000008   Code   RO         8727    i._ZNSt18__rw_messages_baseD1Ev  cpp_ws.l(rwstdexcept.o)
    0x080074e0   0x0000001a   Code   RO         9386    i._ZNSt18__rw_open_cat_dataC1Ev  cpp_ws.l(messages.o)
    0x080074fa   0x0000000c   Code   RO         9383    i._ZNSt18__rw_open_cat_dataD1Ev  cpp_ws.l(messages.o)
    0x08007506   0x00000012   Code   RO         9389    i._ZNSt18__rw_open_cat_dataaSERKS_  cpp_ws.l(messages.o)
    0x08007518   0x000000fa   Code   RO         8925    i._ZNSt5ctypeIcE12_C_initfacetERKSt6locale  cpp_ws.l(char.o)
    0x08007612   0x00000002   PAD
    0x08007614   0x00000118   Code   RO         8927    i._ZNSt5ctypeIcEC1EPKNSt10ctype_base4maskEbj  cpp_ws.l(char.o)
    0x0800772c   0x0000000e   Code   RO         9058    i._ZNSt5ctypeIcED0Ev  cpp_ws.l(char.o)
    0x0800773a   0x00000002   PAD
    0x0800773c   0x0000002c   Code   RO         8990    i._ZNSt5ctypeIcED1Ev  cpp_ws.l(char.o)
    0x08007768   0x0000000e   Code   RO         8771    i._ZNSt6locale5facetD0Ev  cpp_ws.l(rwstdexcept.o)
    0x08007776   0x00000002   PAD
    0x08007778   0x00000084   Code   RO         9180    i._ZNSt6locale7_C_initEv  cpp_ws.l(locale.o)
    0x080077fc   0x00000044   Code   RO         9182    i._ZNSt6locale7classicEv  cpp_ws.l(locale.o)
    0x08007840   0x00000020   Code   RO         9312    i._ZNSt6localeC1EPN4__rw15__rw_locale_impE  cpp_ws.l(locale.o)
    0x08007860   0x0000000c   Code   RO         9392    i._ZNSt6localeC1ERKS_  cpp_ws.l(messages.o)
    0x0800786c   0x00000020   Code   RO         8723    i._ZNSt6localeC1Ev  cpp_ws.l(rwstdexcept.o)
    0x0800788c   0x00000020   Code   RO         9287    i._ZNSt6localeD1Ev  cpp_ws.l(locale.o)
    0x080078ac   0x00000032   Code   RO         9190    i._ZNSt6localeaSERKS_  cpp_ws.l(locale.o)
    0x080078de   0x0000000e   Code   RO         8745    i._ZNSt8messagesIcED0Ev  cpp_ws.l(rwstdexcept.o)
    0x080078ec   0x00000010   Code   RO         8714    i._ZNSt8messagesIcED1Ev  cpp_ws.l(rwstdexcept.o)
    0x080078fc   0x0000000c   Code   RO         9427    i._ZNSt9exceptionC1Ev  cpprt_w.l(exception_ctor.o)
    0x08007908   0x0000003c   Code   RO         9367    i._ZSt13__rw_get_catsv  cpp_ws.l(messages.o)
    0x08007944   0x00000008   Code   RO         8783    i._ZdaPv            cpprt_w.l(array_del.o)
    0x0800794c   0x00000008   Code   RO         9398    i._ZdlPv            cpprt_w.l(delete.o)
    0x08007954   0x00000008   Code   RO         8786    i._Znaj             cpprt_w.l(array_new.o)
    0x0800795c   0x00000028   Code   RO         9401    i._Znwj             cpprt_w.l(new.o)
    0x08007984   0x0000001c   Code   RO         9618    i.__0fprintf        mc_w.l(printfa.o)
    0x080079a0   0x00000024   Code   RO         9624    i.__0vsnprintf      mc_w.l(printfa.o)
    0x080079c4   0x00000092   Code   RO         9954    i.__ARM_array_new_general  cpprt_w.l(array_new_general.o)
    0x08007a56   0x00000030   Code   RO         9572    i.__ARM_fpclassify  m_wm.l(fpclassify.o)
    0x08007a86   0x00000032   Code   RO         8790    i.__aeabi_atexit    cpprt_w.l(aeabi_atexit.o)
    0x08007ab8   0x00000010   Code   RO         9823    i.__aeabi_vec_dtor_cookie  cpprt_w.l(aeabi_vec_dtor_cookie.o)
    0x08007ac8   0x00000014   Code   RO         9820    i.__aeabi_vec_new_cookie  cpprt_w.l(aeabi_vec_new_cookie.o)
    0x08007adc   0x00000042   Code   RO         9424    i.__cxa_finalize    cpprt_w.l(cxa_finalize.o)
    0x08007b1e   0x00000010   Code   RO         9798    i.__cxa_guard_acquire  cpprt_w.l(cxa_guard_acquire.o)
    0x08007b2e   0x00000002   PAD
    0x08007b30   0x00000018   Code   RO         9927    i.__cxa_vec_new     cpprt_w.l(cxa_vec_new.o)
    0x08007b48   0x000002d8   Code   RO         8793    i.__hardfp_atan     m_wm.l(atan.o)
    0x08007e20   0x000000c8   Code   RO         8807    i.__hardfp_cos      m_wm.l(cos.o)
    0x08007ee8   0x00000014   Code   RO         8819    i.__hardfp_fabs     m_wm.l(fabs.o)
    0x08007efc   0x00000104   Code   RO         8825    i.__hardfp_fmod     m_wm.l(fmod.o)
    0x08008000   0x000000c8   Code   RO         8837    i.__hardfp_sin      m_wm.l(sin.o)
    0x080080c8   0x0000007a   Code   RO         8849    i.__hardfp_sqrt     m_wm.l(sqrt.o)
    0x08008142   0x0000003a   Code   RO         8861    i.__hardfp_sqrtf    m_wm.l(sqrtf.o)
    0x0800817c   0x00000004   PAD
    0x08008180   0x00000438   Code   RO         9576    i.__ieee754_rem_pio2  m_wm.l(rred.o)
    0x080085b8   0x00000170   Code   RO         9555    i.__kernel_cos      m_wm.l(cos_i.o)
    0x08008728   0x000000f8   Code   RO         9574    i.__kernel_poly     m_wm.l(poly.o)
    0x08008820   0x00000130   Code   RO         9581    i.__kernel_sin      m_wm.l(sin_i.o)
    0x08008950   0x00000014   Code   RO         9559    i.__mathlib_dbl_infnan  m_wm.l(dunder.o)
    0x08008964   0x00000004   PAD
    0x08008968   0x00000020   Code   RO         9561    i.__mathlib_dbl_invalid  m_wm.l(dunder.o)
    0x08008988   0x00000020   Code   RO         9564    i.__mathlib_dbl_underflow  m_wm.l(dunder.o)
    0x080089a8   0x0000000e   Code   RO         9971    i.__scatterload_copy  mc_w.l(handlers.o)
    0x080089b6   0x00000002   Code   RO         9972    i.__scatterload_null  mc_w.l(handlers.o)
    0x080089b8   0x0000000e   Code   RO         9973    i.__scatterload_zeroinit  mc_w.l(handlers.o)
    0x080089c6   0x00000002   PAD
    0x080089c8   0x0000000c   Code   RO         9676    i.__set_errno       mc_w.l(errno.o)
    0x080089d4   0x00000010   Code   RO         9191    i.__sti___10_locale_cpp_ff99fc7b  cpp_ws.l(locale.o)
    0x080089e4   0x00000038   Code   RO         9705    i.__sti___10_rwcats_cpp_64e8068e  cpp_ws.l(rwcats.o)
    0x08008a1c   0x00000020   Code   RO         6455    i.__sti___5_Map_c_1c83cf28  map.o
    0x08008a3c   0x00000010   Code   RO         8929    i.__sti___8_char_cpp_a3dc957a  cpp_ws.l(char.o)
    0x08008a4c   0x00000164   Code   RO         9626    i._fp_digits        mc_w.l(printfa.o)
    0x08008bb0   0x0000000e   Code   RO         9913    i._is_digit         mc_w.l(scanf_fp.o)
    0x08008bbe   0x00000002   PAD
    0x08008bc0   0x000006dc   Code   RO         9627    i._printf_core      mc_w.l(printfa.o)
    0x0800929c   0x00000024   Code   RO         9628    i._printf_post_padding  mc_w.l(printfa.o)
    0x080092c0   0x0000002e   Code   RO         9629    i._printf_pre_padding  mc_w.l(printfa.o)
    0x080092ee   0x00000016   Code   RO         9630    i._snputc           mc_w.l(printfa.o)
    0x08009304   0x00000018   Code   RO         8821    i.fabs              m_wm.l(fabs.o)
    0x0800931c   0x00000012   Code   RO         9844    i.fputc             mc_w.l(fputc.o)
    0x0800932e   0x00000002   PAD
    0x08009330   0x00000050   Code   RO         9646    i.free              mc_w.l(malloc.o)
    0x08009380   0x00000054   Code   RO           10    i.main              main.o
    0x080093d4   0x0000006c   Code   RO         9647    i.malloc            mc_w.l(malloc.o)
    0x08009440   0x00000014   Code   RO         7742    t._ZN4__rw12__string_refIcSt11char_traitsIcESaIcEE10_C_inc_refEv  matrix.o
    0x08009454   0x00000046   Code   RO         8736    t._ZN4__rw16__rw_facet_makerISt5ctypeIcEE13_C_maker_funcEiPKcj  cpp_ws.l(rwstdexcept.o)
    0x0800949a   0x00000056   Code   RO         9290    t._ZN4__rw18__rw_locale_vectorIPNS_15__rw_facet_baseEE6resizeEjRKS2_  cpp_ws.l(locale.o)
    0x080094f0   0x0000000e   Code   RO         9302    t._ZN4__rw18__rw_locale_vectorIPNS_15__rw_facet_baseEED1Ev  cpp_ws.l(locale.o)
    0x080094fe   0x0000000e   Code   RO         9721    t._ZN4__rw18__rw_locale_vectorIPNS_8__rw_catEED1Ev  cpp_ws.l(rwcats.o)
    0x0800950c   0x00000014   Code   RO         9305    t._ZN4__rw18__rw_locale_vectorISsED1Ev  cpp_ws.l(locale.o)
    0x08009520   0x00000088   Code   RO         9373    t._ZN4__rw18__rw_locale_vectorISt18__rw_open_cat_dataE6resizeEj  cpp_ws.l(messages.o)
    0x080095a8   0x00000014   Code   RO         9379    t._ZN4__rw18__rw_locale_vectorISt18__rw_open_cat_dataED1Ev  cpp_ws.l(messages.o)
    0x080095bc   0x00000090   Code   RO         8708    t._ZNKSt8messagesIcE6do_getEiiiRKSs  cpp_ws.l(rwstdexcept.o)
    0x0800964c   0x00000006   Code   RO         8733    t._ZNKSt8messagesIcE7do_openERKSsRKSt6locale  cpp_ws.l(rwstdexcept.o)
    0x08009652   0x00000032   Code   RO         9259    t._ZNSs11_C_allocateEjjj  cpp_ws.l(locale.o)
    0x08009684   0x00000018   Code   RO         9299    t._ZNSs7replaceEjjPKcj  cpp_ws.l(locale.o)
    0x0800969c   0x00000168   Code   RO         8980    t._ZNSs7replaceEjjPKcjjj  cpp_ws.l(char.o)
    0x08009804   0x00000074   Code   RO         8968    t._ZNSs9_C_getRepEjj  cpp_ws.l(char.o)
    0x08009878   0x00000048   Code   RO         8977    t._ZNSs9_C_unlinkEv  cpp_ws.l(char.o)
    0x080098c0   0x00000038   Code   RO         9262    t._ZNSsC1EPKcRKSaIcE  cpp_ws.l(locale.o)
    0x080098f8   0x00000010   Code   RO         9296    t._ZNSsC1ERKSaIcE   cpp_ws.l(locale.o)
    0x08009908   0x0000003e   Code   RO         8971    t._ZNSsC1ERKSs      cpp_ws.l(char.o)
    0x08009946   0x0000000c   Code   RO         9048    t._ZNSsD1Ev         cpp_ws.l(char.o)
    0x08009952   0x00000002   PAD
    0x08009954   0x0000004c   Code   RO         9268    t._ZNSsaSEPKc       cpp_ws.l(locale.o)
    0x080099a0   0x0000003e   Code   RO         9265    t._ZNSsaSERKSs      cpp_ws.l(locale.o)
    0x080099de   0x0000000c   Code   RO         9042    t._ZSt3maxIjERKT_S2_S2_  cpp_ws.l(char.o)
    0x080099ea   0x00000003   Data   RO         8162    .constdata          actionctrl.o
    0x080099ed   0x00000003   PAD
    0x080099f0   0x0000005c   Data   RO         8684    .constdata          cpp_ws.l(rwstdexcept.o)
    0x08009a4c   0x00000004   PAD
    0x08009a50   0x00000098   Data   RO         8796    .constdata          m_wm.l(atan.o)
    0x08009ae8   0x00000200   Data   RO         8949    .constdata          cpp_ws.l(char.o)
    0x08009ce8   0x00000030   Data   RO         9556    .constdata          m_wm.l(cos_i.o)
    0x08009d18   0x000000c8   Data   RO         9578    .constdata          m_wm.l(rred.o)
    0x08009de0   0x00000028   Data   RO         9582    .constdata          m_wm.l(sin_i.o)
    0x08009e08   0x00000081   Data   RO         9852    .constdata          mc_w.l(ctype_o.o)
    0x08009e89   0x00000003   PAD
    0x08009e8c   0x00000004   Data   RO         9853    .constdata          mc_w.l(ctype_o.o)
    0x08009e90   0x00000014   Data   RO         8759    .constdata__ZTVNSt6locale5facetE  cpp_ws.l(rwstdexcept.o)
    0x08009ea4   0x00000034   Data   RO         9126    .constdata__ZTVSt12ctype_bynameIcE  cpp_ws.l(char.o)
    0x08009ed8   0x00000014   Data   RO         8761    .constdata__ZTVSt14__rw_exception  cpp_ws.l(rwstdexcept.o)
    0x08009eec   0x00000034   Data   RO         8960    .constdata__ZTVSt5ctypeIcE  cpp_ws.l(char.o)
    0x08009f20   0x00000020   Data   RO         8697    .constdata__ZTVSt8messagesIcE  cpp_ws.l(rwstdexcept.o)
    0x08009f40   0x00000014   Data   RO         9437    .constdata__ZTVSt9exception  cpprt_w.l(exception_dtor.o)
    0x08009f54   0x00000001   Data   RO         9256    .constdata__ZZNK4__rw15__rw_locale_imp16_C_category_nameEiEs  cpp_ws.l(locale.o)
    0x08009f55   0x00000001   Data   RO         6523    .constdata__ZZNSs7replaceEjjPKcjjjEs  map.o
    0x08009f56   0x00000001   Data   RO         6524    .constdata__ZZNSs9_C_getRepEjjEs  map.o
    0x08009f57   0x00000002   Data   RO         8698    .constdata__ZZNSt8messagesIcEC1EjEs  cpp_ws.l(rwstdexcept.o)
    0x08009f59   0x00000003   PAD
    0x08009f5c   0x00000272   Data   RO         8685    .conststring        cpp_ws.l(rwstdexcept.o)
    0x0800a1ce   0x00000002   PAD
    0x0800a1d0   0x00000020   Data   RO         9970    Region$$Table       anon$$obj.o
    0x0800a1f0   0x00000004   Data   RO         6468    .init_array         map.o
    0x0800a1f4   0x00000000   Data   RO         8889    .init_array         mc_w.l(cpp_init.o)
    0x0800a1f4   0x00000004   Data   RO         8951    .init_array         cpp_ws.l(char.o)
    0x0800a1f8   0x00000004   Data   RO         9239    .init_array         cpp_ws.l(locale.o)
    0x0800a1fc   0x00000004   Data   RO         9715    .init_array         cpp_ws.l(rwcats.o)


    Execution Region RW_IRAM1 (Base: 0x20000000, Size: 0x00001590, Max: 0x00030000, ABSOLUTE, COMPRESSED[0x00000040])

    Base Addr    Size         Type   Attr      Idx    E Section Name        Object

    0x20000000   0x00000003   Data   RW           90    .data               stm32f4xx_it.o
    0x20000003   0x00000010   Data   RW         3776    .data               stm32f4xx_rcc.o
    0x20000013   0x00000001   PAD
    0x20000014   0x00000004   Data   RW         6467    .data               map.o
    0x20000018   0x00000001   Data   RW         6903    .data               beep.o
    0x20000019   0x00000006   Data   RW         6972    .data               watchdog.o
    0x2000001f   0x00000001   PAD
    0x20000020   0x0000000c   Data   RW         7082    .data               interfacetoequips.o
    0x2000002c   0x00000008   Data   RW         7195    .data               interfacetomaster.o
    0x20000034   0x00000018   Data   RW         7246    .data               interfacetomicropc.o
    0x2000004c   0x0000000b   Data   RW         7316    .data               control.o
    0x20000057   0x00000001   PAD
    0x20000058   0x00000018   Data   RW         7899    .data               interfacetof103.o
    0x20000070   0x00000014   Data   RW         7946    .data               vol_curve.o
    0x20000084   0x0000000c   Data   RW         8016    .data               positionctrl.o
    0x20000090   0x00000013   Data   RW         8163    .data               actionctrl.o
    0x200000a3   0x00000004   Data   RW         8256    .data               base.o
    0x200000a7   0x0000000b   Data   RW         8330    .data               process.o
    0x200000b2   0x00000001   Data   RW         8462    .data               schedule.o
    0x200000b3   0x00000001   PAD
    0x200000b4   0x00000017   Data   RW         8686    .data               cpp_ws.l(rwstdexcept.o)
    0x200000cb   0x00000001   PAD
    0x200000cc   0x00000008   Data   RW         8950    .data               cpp_ws.l(char.o)
    0x200000d4   0x0000001c   Data   RW         9238    .data               cpp_ws.l(locale.o)
    0x200000f0   0x00000004   Data   RW         9397    .data               cpp_ws.l(rwthrowproc_noex.o)
    0x200000f4   0x00000004   Data   RW         9601    .data               mc_w.l(stderr.o)
    0x200000f8   0x00000004   Data   RW         9677    .data               mc_w.l(errno.o)
    0x200000fc   0x00000004   Data   RW         9685    .data               mc_w.l(cpp_dtor.o)
    0x20000100   0x00000008   Data   RW         9690    .data               mc_w.l(cpp_unwinder.o)
    0x20000108   0x00000008   Data   RW         9714    .data               cpp_ws.l(rwcats.o)
    0x20000110   0x00000004   Data   RW         9903    .data               mc_w.l(mvars.o)
    0x20000114   0x00000004   Data   RW         9904    .data               mc_w.l(mvars.o)
    0x20000118   0x00000004   Data   RW         9920    .data               mc_w.l(cpp_memory.o)
    0x2000011c   0x00000004   Data   RW         9339    .data__ZZNKSt6locale2id7_C_initEvE9_C_id_gen  cpp_ws.l(locale.o)
    0x20000120   0x0000000c   Data   RW         9395    .data__ZZSt13__rw_get_catsvE11__open_cats  cpp_ws.l(messages.o)
    0x2000012c   0x00000018   Zero   RW           89    .bss                stm32f4xx_it.o
    0x20000144   0x00000004   PAD
    0x20000148   0x00000090   Zero   RW         6466    .bss                map.o
    0x200001d8   0x0000003c   Zero   RW         7081    .bss                interfacetoequips.o
    0x20000214   0x000000b2   Zero   RW         7194    .bss                interfacetomaster.o
    0x200002c6   0x00000002   PAD
    0x200002c8   0x00000060   Zero   RW         7245    .bss                interfacetomicropc.o
    0x20000328   0x00000070   Zero   RW         7898    .bss                interfacetof103.o
    0x20000398   0x00000040   Zero   RW         7945    .bss                vol_curve.o
    0x200003d8   0x00000048   Zero   RW         8015    .bss                positionctrl.o
    0x20000420   0x000000c0   Zero   RW         8075    .bss                motion_ctrl.o
    0x200004e0   0x00000010   Zero   RW         8255    .bss                base.o
    0x200004f0   0x0000006c   Zero   RW         8329    .bss                process.o
    0x2000055c   0x0000000a   Zero   RW         8461    .bss                schedule.o
    0x20000566   0x00000002   PAD
    0x20000568   0x00000018   Zero   RW         8683    .bss                cpp_ws.l(rwstdexcept.o)
    0x20000580   0x00000010   Zero   RW         9788    .bss__ZNSs9__nullrefE  cpp_ws.l(vendor.o)
    0x20000590   0x00000800   Zero   RW            2    HEAP                startup_stm32f429_439xx.o
    0x20000d90   0x00000800   Zero   RW            1    STACK               startup_stm32f429_439xx.o


==============================================================================

Image component sizes


      Code (inc. data)   RO Data    RW Data    ZI Data      Debug   Object Name

       286         66          3         19          0       7827   actionctrl.o
       276         40          0          4         16       3917   base.o
       248         18          0          1          0       3258   beep.o
      1600        144          0         11          0       2389   control.o
       374         56          0         12         60       6603   interfacetoequips.o
       420         48          0         24        112       3937   interfacetof103.o
       940        114          0          8        178       4755   interfacetomaster.o
       240         38          0         24         96       3802   interfacetomicropc.o
        84         30          0          0          0       4791   main.o
      1300        118          6          4        144      23449   map.o
      1710         68          0          0          0      25628   matrix.o
       140         24          0          0          0       1719   misc.o
      1360        136          0          0        192       4262   motion_ctrl.o
       166          0          0          0          0       3769   pid.o
       804         60          0          0          0       3505   planeanalyticgeometry.o
      1808        152          0         12         72       5486   positionctrl.o
       492         32          0         11        108       7299   process.o
       186         16          0          1         10       3432   schedule.o
         0          0          0          0          0        184   solvesystem.o
        36          8        428          0       4096        904   startup_stm32f429_439xx.o
       688         68          0          0          0       6762   stm32f4xx_dma.o
       214          0          0          0          0       1939   stm32f4xx_gpio.o
      1278        160          0          3         24      12469   stm32f4xx_it.o
       328         36          0         16          0       4943   stm32f4xx_rcc.o
       414         38          0          0          0       7236   stm32f4xx_tim.o
       504          8          0          0          0       7796   stm32f4xx_usart.o
       392         32          0          0          0     308965   system_stm32f4xx.o
       392         20          0          0          0     247692   tims.o
      2376        202          0          0          0      12101   usart.o
      2180        130          0         20         64       6586   vol_curve.o
       212         24          0          6          0       4276   watchdog.o

    ----------------------------------------------------------------------
     21480       1886        472        180       5180     741681   Object Totals
         0          0         32          0          0          0   (incl. Generated)
        32          0          3          4          8          0   (incl. Padding)

    ----------------------------------------------------------------------

      Code (inc. data)   RO Data    RW Data    ZI Data      Debug   Library Member Name

      1804         68        620          8          0       1484   char.o
      1502         82          5         32          0       1760   locale.o
       482         34          0         12          0        784   messages.o
        36          0          0          0          0        144   rwalloc.o
       184         24          4          8          0        400   rwcats.o
      1000         68        792         23         24       1220   rwstdexcept.o
       152         94          0          0          0         72   rwthrowproc_impl_noex.o
         0          0          0          4          0          0   rwthrowproc_noex.o
         0          0          0          0         16          0   vendor.o
        28          0          0          0          0         84   ARM_vec_cleanup_noexceptions.o
        50          0          0          0          0         84   aeabi_atexit.o
        14          0          0          0          0         80   aeabi_vec_delete_noexceptions.o
        16          0          0          0          0         68   aeabi_vec_dtor_cookie.o
        34          0          0          0          0         84   aeabi_vec_dtor_noexceptions.o
        20          0          0          0          0         80   aeabi_vec_new_cookie.o
        80         12          0          0          0        104   arm_exceptions_globs.o
        60          0          0          0          0        108   arm_exceptions_mem.o
        26          0          0          0          0         76   arm_exceptions_terminate.o
         4          0          0          0          0         68   arm_newhandler_noexceptions.o
         2          0          0          0          0         68   arm_rethrow_noexceptions.o
         8          0          0          0          0         76   array_del.o
         8          0          0          0          0         76   array_new.o
       146          0          0          0          0         96   array_new_general.o
        66          0          0          0          0         84   cxa_finalize.o
        16          0          0          0          0         68   cxa_guard_acquire.o
        24          6          0          0          0         84   cxa_vec_new.o
         8          0          0          0          0         76   delete.o
        12          6          0          0          0         68   exception_ctor.o
         0          0         20          0          0          0   exception_dtor.o
        40          6          0          0          0         76   new.o
       728        106        152          0          0        228   atan.o
       200         20          0          0          0        164   cos.o
       368         46         48          0          0        200   cos_i.o
        84         16          0          0          0        372   dunder.o
        44          0          0          0          0        248   fabs.o
       260          6          0          0          0        144   fmod.o
        48          0          0          0          0        124   fpclassify.o
       248          0          0          0          0        152   poly.o
      1080        142        200          0          0        188   rred.o
       200         20          0          0          0        164   sin.o
       304         24         40          0          0        208   sin_i.o
       122          0          0          0          0        148   sqrt.o
        58          0          0          0          0        136   sqrtf.o
        86          0          0          0          0          0   __dczerorl2.o
        28          0          0          0          0         68   _chval.o
       812          4          0          0          0        112   _scanf.o
       332          0          0          0          0         96   _scanf_int.o
       342          0          0          0          0        100   _scanf_longlong.o
       224          0          0          0          0         96   _scanf_str.o
        64          0          0          0          0         84   _sgetc.o
         8          4          0          4          0         68   cpp_dtor.o
         2          0          0          0          0         68   cpp_final.o
        32         10          0          0          0         80   cpp_init.o
         8          4          0          4          0         68   cpp_memory.o
        32          6          0          8          0        252   cpp_unwinder.o
         8          4        133          0          0         68   ctype_o.o
         0          0          0          0          0          0   entry.o
         0          0          0          0          0          0   entry10a.o
         0          0          0          0          0          0   entry11a.o
         8          4          0          0          0          0   entry2.o
         4          0          0          0          0          0   entry5.o
         0          0          0          0          0          0   entry7b.o
         4          0          0          0          0          0   entry8a.o
         0          0          0          0          0          0   entry8b.o
         8          4          0          0          0          0   entry9a.o
        12          6          0          4          0         68   errno.o
        18          0          0          0          0         80   fputc.o
        30          0          0          0          0          0   handlers.o
        36          8          0          0          0         68   init.o
        18          0          0          0          0         76   isspace_o.o
         0          0          0          0          0          0   iusefp.o
         0          0          0          0          0          0   iusesemip.o
        30          0          0          0          0         68   llshl.o
        36          0          0          0          0         68   llsshr.o
        32          0          0          0          0         68   llushr.o
       188         20          0          0          0        160   malloc.o
        36          0          0          0          0         68   memcpya.o
        66          0          0          0          0         76   memmove.o
        64          0          0          0          0         76   memmovea.o
        36          0          0          0          0        108   memseta.o
         0          0          0          8          0          0   mvars.o
      2280         90          0          0          0        592   printfa.o
        40          8          0          0          0         84   scanf_char.o
       838         12          0          0          0        216   scanf_fp.o
         0          0          0          0          0          0   semi.o
        56          8          0          0          0         84   sscanf.o
         0          0          0          4          0          0   stderr.o
        24          0          0          0          0         68   strcat.o
        28          0          0          0          0         76   strcmp.o
        18          0          0          0          0         68   strcpy.o
        14          0          0          0          0         68   strlen.o
        32          0          0          0          0         68   strrchr.o
        44          0          0          0          0         80   uidiv.o
        98          0          0          0          0         92   uldiv.o
        48          0          0          0          0         68   cdcmple.o
        48          0          0          0          0         68   cdrcmple.o
        56          0          0          0          0         88   d2f.o
       334          0          0          0          0        148   dadd.o
       222          0          0          0          0        100   ddiv.o
       186          0          0          0          0        176   depilogue.o
        62          0          0          0          0         80   dfixi.o
        50          0          0          0          0         76   dfixui.o
        48          0          0          0          0         68   dfixul.o
        34          0          0          0          0         76   dflti.o
        26          0          0          0          0         76   dfltui.o
        24          0          0          0          0         76   dfltul.o
       228          0          0          0          0         96   dmul.o
       134          0          0          0          0         96   drem.o
       162          0          0          0          0        100   dsqrt.o
        38          0          0          0          0         68   f2d.o
       110          0          0          0          0        168   fepilogue.o

    ----------------------------------------------------------------------
     17494        972       2026        120         40      15216   Library Totals
        42          0         12          1          0          0   (incl. Padding)

    ----------------------------------------------------------------------

      Code (inc. data)   RO Data    RW Data    ZI Data      Debug   Library Name

      5160        370       1421         87         40       5864   cpp_ws.l
       662         30         20          0          0       1608   cpprt_w.l
      3744        380        440          0          0       2476   m_wm.l
      6076        192        133         32          0       3640   mc_w.l
      1810          0          0          0          0       1628   mf_w.l

    ----------------------------------------------------------------------
     17494        972       2026        120         40      15216   Library Totals

    ----------------------------------------------------------------------

==============================================================================


      Code (inc. data)   RO Data    RW Data    ZI Data      Debug   

     38974       2858       2498        300       5220     730729   Grand Totals
     38974       2858       2498         64       5220     730729   ELF Image Totals (compressed)
     38974       2858       2498         64          0          0   ROM Totals

==============================================================================

    Total RO  Size (Code + RO Data)                41472 (  40.50kB)
    Total RW  Size (RW Data + ZI Data)              5520 (   5.39kB)
    Total ROM Size (Code + RO Data + RW Data)      41536 (  40.56kB)

==============================================================================

